Archive member included to satisfy reference by file (symbol)

C:/Git/led-demo-tlsr8258/./chip/tl322x/drivers/lib/libdriver_d25f.a(analog.o)
                              CMakeFiles/GPIO_Demo.dir/chip/tl322x/drivers/adc.c.obj (symbol from plugin) (analog_read_reg8)
C:/Git/led-demo-tlsr8258/./chip/tl322x/drivers/lib/libdriver_d25f.a(clock.o)
                              CMakeFiles/GPIO_Demo.dir/demo/vendor/GPIO_Demo/main.c.obj (symbol from plugin) (clock_init)
C:/Git/led-demo-tlsr8258/./chip/tl322x/drivers/lib/libdriver_d25f.a(core.o)
                              clock.o (symbol from plugin) (core_cclk_delay_tick)
C:/Git/led-demo-tlsr8258/./chip/tl322x/drivers/lib/libdriver_d25f.a(flash_base.o)
                              CMakeFiles/GPIO_Demo.dir/chip/tl322x/drivers/flash.c.obj (symbol from plugin) (flash_mspi_read_ram)
C:/Git/led-demo-tlsr8258/./chip/tl322x/drivers/lib/libdriver_d25f.a(mspi.o)
                              flash_base.o (symbol from plugin) (mspi_write)
C:/Git/led-demo-tlsr8258/./chip/tl322x/drivers/lib/libdriver_d25f.a(plic.o)
                              flash_base.o (symbol from plugin) (plic_enter_critical_sec)
C:/Git/led-demo-tlsr8258/./chip/tl322x/drivers/lib/libdriver_d25f.a(stimer.o)
                              CMakeFiles/GPIO_Demo.dir/chip/tl322x/drivers/audio.c.obj (symbol from plugin) (delay_us)
C:/Git/led-demo-tlsr8258/./chip/tl322x/drivers/lib/libdriver_d25f.a(pm.o)
                              CMakeFiles/GPIO_Demo.dir/chip/tl322x/drivers/usb0hw.c.obj (symbol from plugin) (pm_set_dig_module_power_switch)
C:/Git/led-demo-tlsr8258/./chip/tl322x/drivers/lib/libdriver_d25f.a(pm_internal.o)
                              clock.o (symbol from plugin) (pm_bbpll_power_down)
C:/Git/led-demo-tlsr8258/./chip/tl322x/drivers/lib/libdriver_d25f.a(sys.o)
                              pm.o (symbol from plugin) (sys_reboot_ram)

Discarded input sections

 .text          0x00000000        0x0 CMakeFiles/GPIO_Demo.dir/chip/tl322x/boot/N22/cstartup_flash.S.obj
 .data          0x00000000        0x0 CMakeFiles/GPIO_Demo.dir/chip/tl322x/boot/N22/cstartup_flash.S.obj
 .bss           0x00000000        0x0 CMakeFiles/GPIO_Demo.dir/chip/tl322x/boot/N22/cstartup_flash.S.obj
 .riscv.attributes
                0x00000000       0x38 CMakeFiles/GPIO_Demo.dir/chip/tl322x/boot/N22/cstartup_flash.S.obj
 .text          0x00000000        0x0 CMakeFiles/GPIO_Demo.dir/chip/tl322x/boot/N22/cstartup_ram.S.obj
 .data          0x00000000        0x0 CMakeFiles/GPIO_Demo.dir/chip/tl322x/boot/N22/cstartup_ram.S.obj
 .bss           0x00000000        0x0 CMakeFiles/GPIO_Demo.dir/chip/tl322x/boot/N22/cstartup_ram.S.obj
 .riscv.attributes
                0x00000000       0x38 CMakeFiles/GPIO_Demo.dir/chip/tl322x/boot/N22/cstartup_ram.S.obj
 .text          0x00000000        0x0 CMakeFiles/GPIO_Demo.dir/chip/tl322x/boot/N22/cstartup_rram.S.obj
 .data          0x00000000        0x0 CMakeFiles/GPIO_Demo.dir/chip/tl322x/boot/N22/cstartup_rram.S.obj
 .bss           0x00000000        0x0 CMakeFiles/GPIO_Demo.dir/chip/tl322x/boot/N22/cstartup_rram.S.obj
 .riscv.attributes
                0x00000000       0x38 CMakeFiles/GPIO_Demo.dir/chip/tl322x/boot/N22/cstartup_rram.S.obj
 .data          0x00000000        0x0 /cygdrive/c/Users/874332/AppData/Local/Temp/ccJSmMzI.ltrans0.ltrans.o
 .bss           0x00000000        0x0 /cygdrive/c/Users/874332/AppData/Local/Temp/ccJSmMzI.ltrans0.ltrans.o
 .text.drv_timeout_handler
                0x00000000       0x12 /cygdrive/c/Users/874332/AppData/Local/Temp/ccJSmMzI.ltrans0.ltrans.o
 .text._write   0x00000000       0x50 /cygdrive/c/Users/874332/AppData/Local/Temp/ccJSmMzI.ltrans0.ltrans.o
 .sbss.g_adc_pre_scale
                0x00000000        0x3 /cygdrive/c/Users/874332/AppData/Local/Temp/ccJSmMzI.ltrans0.ltrans.o
 .sbss.g_adc_vbat_divider
                0x00000000        0x3 /cygdrive/c/Users/874332/AppData/Local/Temp/ccJSmMzI.ltrans0.ltrans.o
 .sbss.g_i2c_error_timeout_code
                0x00000000        0x4 /cygdrive/c/Users/874332/AppData/Local/Temp/ccJSmMzI.ltrans0.ltrans.o
 .sbss.g_i2c1_m_error_timeout_code
                0x00000000        0x4 /cygdrive/c/Users/874332/AppData/Local/Temp/ccJSmMzI.ltrans0.ltrans.o
 .sbss.g_keyscan_col_cnt
                0x00000000        0x1 /cygdrive/c/Users/874332/AppData/Local/Temp/ccJSmMzI.ltrans0.ltrans.o
 .bss.g_keyscan_col
                0x00000000       0x1f /cygdrive/c/Users/874332/AppData/Local/Temp/ccJSmMzI.ltrans0.ltrans.o
 .sbss.mtime_clock_source
                0x00000000        0x4 /cygdrive/c/Users/874332/AppData/Local/Temp/ccJSmMzI.ltrans0.ltrans.o
 .sbss.g_sd_adc_divider
                0x00000000        0x1 /cygdrive/c/Users/874332/AppData/Local/Temp/ccJSmMzI.ltrans0.ltrans.o
 .sbss.g_sd_adc_downsample_rate
                0x00000000        0x2 /cygdrive/c/Users/874332/AppData/Local/Temp/ccJSmMzI.ltrans0.ltrans.o
 .sbss.gpio_irq0_cnt
[...]
Memory Configuration

Name             Origin             Length             Attributes
*default*        0x00000000         0xffffffffffffffff

Linker script and memory map

                0x00020000                __D25F_DRAM_SIZE = 0x20000
                0x00004000                __D25F_IRAM_SIZE = 0x4000
LOAD CMakeFiles/GPIO_Demo.dir/chip/tl322x/boot/N22/cstartup_flash.S.obj
LOAD CMakeFiles/GPIO_Demo.dir/chip/tl322x/boot/N22/cstartup_ram.S.obj
LOAD CMakeFiles/GPIO_Demo.dir/chip/tl322x/boot/N22/cstartup_rram.S.obj
LOAD CMakeFiles/GPIO_Demo.dir/chip/tl322x/drivers/adc.c.obj
LOAD /cygdrive/c/Users/874332/AppData/Local/Temp/ccJSmMzI.ltrans0.ltrans.o
LOAD /cygdrive/c/Users/874332/AppData/Local/Temp/ccMH8ClS.debug.temp.o
LOAD /cygdrive/c/Users/874332/AppData/Local/Temp/cc53uV9K.debug.temp.o
LOAD /cygdrive/c/Users/874332/AppData/Local/Temp/ccMSMCTE.debug.temp.o
LOAD /cygdrive/c/Users/874332/AppData/Local/Temp/cc7lQEtz.debug.temp.o
LOAD /cygdrive/c/Users/874332/AppData/Local/Temp/ccaYtIUJ.debug.temp.o
LOAD /cygdrive/c/Users/874332/AppData/Local/Temp/cc1bEQQF.debug.temp.o
LOAD /cygdrive/c/Users/874332/AppData/Local/Temp/ccmGHkGV.debug.temp.o
LOAD /cygdrive/c/Users/874332/AppData/Local/Temp/ccHsblS7.debug.temp.o
LOAD /cygdrive/c/Users/874332/AppData/Local/Temp/cc7s9fkF.debug.temp.o
LOAD /cygdrive/c/Users/874332/AppData/Local/Temp/ccmU7Amg.debug.temp.o
LOAD /cygdrive/c/Users/874332/AppData/Local/Temp/cc48CQGn.debug.temp.o
LOAD /cygdrive/c/Users/874332/AppData/Local/Temp/ccIyguSp.debug.temp.o
LOAD /cygdrive/c/Users/874332/AppData/Local/Temp/cctrYyaE.debug.temp.o
LOAD /cygdrive/c/Users/874332/AppData/Local/Temp/cc9FhWA5.debug.temp.o
LOAD /cygdrive/c/Users/874332/AppData/Local/Temp/ccVDGcVY.debug.temp.o
LOAD /cygdrive/c/Users/874332/AppData/Local/Temp/ccijujAb.debug.temp.o
LOAD /cygdrive/c/Users/874332/AppData/Local/Temp/ccO0Z1dG.debug.temp.o
LOAD /cygdrive/c/Users/874332/AppData/Local/Temp/cc0BVuOn.debug.temp.o
LOAD /cygdrive/c/Users/874332/AppData/Local/Temp/ccy3LS6a.debug.temp.o
LOAD /cygdrive/c/Users/874332/AppData/Local/Temp/ccEEHdyF.debug.temp.o
LOAD /cygdrive/c/Users/874332/AppData/Local/Temp/ccTqY1ua.debug.temp.o
LOAD /cygdrive/c/Users/874332/AppData/Local/Temp/ccGGREo9.debug.temp.o
LOAD /cygdrive/c/Users/874332/AppData/Local/Temp/cc8HN5hj.debug.temp.o
LOAD /cygdrive/c/Users/874332/AppData/Local/Temp/ccThZ74y.debug.temp.o
LOAD /cygdrive/c/Users/874332/AppData/Local/Temp/ccZOht8k.debug.temp.o
LOAD /cygdrive/c/Users/874332/AppData/Local/Temp/ccc9tuG1.debug.temp.o
LOAD /cygdrive/c/Users/874332/AppData/Local/Temp/ccoO6nb4.debug.temp.o
LOAD /cygdrive/c/Users/874332/AppData/Local/Temp/ccr8sc8k.debug.temp.o
LOAD /cygdrive/c/Users/874332/AppData/Local/Temp/cc5Z3aUh.debug.temp.o
LOAD /cygdrive/c/Users/874332/AppData/Local/Temp/ccIkO3bI.debug.temp.o
LOAD /cygdrive/c/Users/874332/AppData/Local/Temp/ccMeaMi8.debug.temp.o
LOAD /cygdrive/c/Users/874332/AppData/Local/Temp/ccJYuVlm.debug.temp.o
LOAD /cygdrive/c/Users/874332/AppData/Local/Temp/ccBzW8Yi.debug.temp.o
LOAD /cygdrive/c/Users/874332/AppData/Local/Temp/ccW7kEcD.debug.temp.o
LOAD /cygdrive/c/Users/874332/AppData/Local/Temp/ccb6kRUR.debug.temp.o
LOAD /cygdrive/c/Users/874332/AppData/Local/Temp/ccnzuTaU.debug.temp.o
LOAD /cygdrive/c/Users/874332/AppData/Local/Temp/ccQymNKB.debug.temp.o
LOAD /cygdrive/c/Users/874332/AppData/Local/Temp/ccLeJA8S.debug.temp.o
LOAD /cygdrive/c/Users/874332/AppData/Local/Temp/cc5qpwkJ.debug.temp.o
LOAD /cygdrive/c/Users/874332/AppData/Local/Temp/ccNirwIS.debug.temp.o
LOAD /cygdrive/c/Users/874332/AppData/Local/Temp/ccZIIIC2.debug.temp.o
LOAD /cygdrive/c/Users/874332/AppData/Local/Temp/cc4QrDPY.debug.temp.o
LOAD CMakeFiles/GPIO_Demo.dir/chip/tl322x/drivers/audio.c.obj
LOAD CMakeFiles/GPIO_Demo.dir/chip/tl322x/drivers/can.c.obj
LOAD CMakeFiles/GPIO_Demo.dir/chip/tl322x/drivers/error_handler/error_handler.c.obj
LOAD CMakeFiles/GPIO_Demo.dir/chip/tl322x/drivers/flash.c.obj
LOAD CMakeFiles/GPIO_Demo.dir/chip/tl322x/drivers/flash/flash_common.c.obj
LOAD CMakeFiles/GPIO_Demo.dir/chip/tl322x/drivers/flash/flash_mid146085.c.obj
LOAD CMakeFiles/GPIO_Demo.dir/chip/tl322x/drivers/flash/flash_mid1460c8.c.obj
LOAD CMakeFiles/GPIO_Demo.dir/chip/tl322x/drivers/flash/flash_mid156085.c.obj
LOAD CMakeFiles/GPIO_Demo.dir/chip/tl322x/drivers/flash/flash_mid1560c8.c.obj
LOAD CMakeFiles/GPIO_Demo.dir/chip/tl322x/drivers/flash/flash_mid166085.c.obj
LOAD CMakeFiles/GPIO_Demo.dir/chip/tl322x/drivers/gpio.c.obj
LOAD CMakeFiles/GPIO_Demo.dir/chip/tl322x/drivers/i2c.c.obj
LOAD CMakeFiles/GPIO_Demo.dir/chip/tl322x/drivers/ir_learn.c.obj
LOAD CMakeFiles/GPIO_Demo.dir/chip/tl322x/drivers/keyscan.c.obj
LOAD CMakeFiles/GPIO_Demo.dir/chip/tl322x/drivers/keyscan_ana.c.obj
LOAD CMakeFiles/GPIO_Demo.dir/chip/tl322x/drivers/lin.c.obj
LOAD CMakeFiles/GPIO_Demo.dir/chip/tl322x/drivers/lpc.c.obj
LOAD CMakeFiles/GPIO_Demo.dir/chip/tl322x/drivers/pem.c.obj
LOAD CMakeFiles/GPIO_Demo.dir/chip/tl322x/drivers/plmt.c.obj
LOAD CMakeFiles/GPIO_Demo.dir/chip/tl322x/drivers/pwm.c.obj
LOAD CMakeFiles/GPIO_Demo.dir/chip/tl322x/drivers/qdec.c.obj
LOAD CMakeFiles/GPIO_Demo.dir/chip/tl322x/drivers/sd_adc.c.obj
LOAD CMakeFiles/GPIO_Demo.dir/chip/tl322x/drivers/spi.c.obj
LOAD CMakeFiles/GPIO_Demo.dir/chip/tl322x/drivers/timer.c.obj
LOAD CMakeFiles/GPIO_Demo.dir/chip/tl322x/drivers/timer_bb.c.obj
LOAD CMakeFiles/GPIO_Demo.dir/chip/tl322x/drivers/uart.c.obj
LOAD CMakeFiles/GPIO_Demo.dir/chip/tl322x/drivers/usb0hw.c.obj
LOAD CMakeFiles/GPIO_Demo.dir/chip/tl322x/drivers/usb1hw.c.obj
LOAD CMakeFiles/GPIO_Demo.dir/chip/tl322x/drivers/watchdog.c.obj
LOAD CMakeFiles/GPIO_Demo.dir/common/bt_debug/dbgport.c.obj
LOAD CMakeFiles/GPIO_Demo.dir/common/sdk_version.c.obj
LOAD CMakeFiles/GPIO_Demo.dir/common/usb_dbg/myudb_usb.c.obj
LOAD CMakeFiles/GPIO_Demo.dir/common/usb_dbg/myudb_usbdesc.c.obj
LOAD CMakeFiles/GPIO_Demo.dir/demo/vendor/GPIO_Demo/app.c.obj
LOAD CMakeFiles/GPIO_Demo.dir/demo/vendor/GPIO_Demo/app_autotest.c.obj
LOAD CMakeFiles/GPIO_Demo.dir/demo/vendor/GPIO_Demo/main.c.obj
LOAD CMakeFiles/GPIO_Demo.dir/demo/vendor/common/common/auto_test/pc_interface.c.obj
LOAD CMakeFiles/GPIO_Demo.dir/demo/vendor/common/common/common.c.obj
LOAD CMakeFiles/GPIO_Demo.dir/demo/vendor/common/common/hal_driver/adc/tl_hal_adc.c.obj
LOAD CMakeFiles/GPIO_Demo.dir/demo/vendor/common/common/hal_driver/flash/hal_flash.c.obj
LOAD CMakeFiles/GPIO_Demo.dir/demo/vendor/common/common/printf.c.obj
LOAD C:/Git/led-demo-tlsr8258/./chip/tl322x/drivers/lib/libdriver_d25f.a
LOAD /cygdrive/c/TelinkIoTStudio/RDS/V5.3.x/toolchains/nds32le-elf-mculib-v5f/bin/../lib/gcc/riscv32-elf/12.2.0/libgcc.a
START GROUP
LOAD /cygdrive/c/TelinkIoTStudio/RDS/V5.3.x/toolchains/nds32le-elf-mculib-v5f/bin/../lib/gcc/riscv32-elf/12.2.0/../../../../riscv32-elf/lib/libc.a
LOAD /cygdrive/c/TelinkIoTStudio/RDS/V5.3.x/toolchains/nds32le-elf-mculib-v5f/bin/../lib/gcc/riscv32-elf/12.2.0/../../../../riscv32-elf/lib/libgloss.a
END GROUP
LOAD /cygdrive/c/TelinkIoTStudio/RDS/V5.3.x/toolchains/nds32le-elf-mculib-v5f/bin/../lib/gcc/riscv32-elf/12.2.0/libgcc.a
                0x20000000                NDS_SAG_LMA_FLASH = 0x20000000
                0x20000000                . = 0x20000000
                0x20000000                PROVIDE (BIN_BEGIN = .)

.vectors        0x20000000        0x0
 *(.vectors)
                0x00000000                . = 0x0

.retention_reset
                0x00000000        0x0 load address 0x20000000
 *(.retention_reset)
                [!provide]                        PROVIDE (_RETENTION_RESET_VMA_START = ADDR (.retention_reset))
                [!provide]                        PROVIDE (_RETENTION_RESET_LMA_START = LOADADDR (.retention_reset))
                [!provide]                        PROVIDE (_RETENTION_RESET_VMA_END = .)

.retention_data
                0x00000000        0x1 load address 0x20000000
 *(.retention_data)
 .retention_data
                0x00000000        0x1 /cygdrive/c/Users/874332/AppData/Local/Temp/ccJSmMzI.ltrans0.ltrans.o
                [!provide]                        PROVIDE (_RETENTION_DATA_VMA_START = ADDR (.retention_data))
                [!provide]                        PROVIDE (_RETENTION_DATA_LMA_START = LOADADDR (.retention_data))
                [!provide]                        PROVIDE (_RETENTION_DATA_VMA_END = .)

.ram_code       0x00000004      0x37e load address 0x20000004
 *(.ram_code)
 .ram_code      0x00000004      0x37e /cygdrive/c/Users/874332/AppData/Local/Temp/ccJSmMzI.ltrans0.ltrans.o
 *libgcc.a:save-restore.o()
 *(.exec.itable)
                0x00000382                PROVIDE (_RAMCODE_VMA_END = .)
                [!provide]                        PROVIDE (_RAMCODE_VMA_START = ADDR (.ram_code))
                [!provide]                        PROVIDE (_RAMCODE_LMA_START = LOADADDR (.ram_code))
                [!provide]                        PROVIDE (_RAMCODE_SIZE = SIZEOF (.ram_code))
                0x20000388                . = ALIGN ((LOADADDR (.ram_code) + SIZEOF (.ram_code)), 0x8)

.text           0x20000388       0x10
 *(.text .stub .text.* .gnu.linkonce.t.*)
 .text          0x20000388       0x10 /cygdrive/c/Users/874332/AppData/Local/Temp/ccJSmMzI.ltrans0.ltrans.o
 *(.text.*personality*)
 *(.gnu.warning)

.rodata         0x20000398        0x0
 *(.rodata .rodata.* .gnu.linkonce.r.*)
 *(.srodata.cst16)
 *(.srodata.cst8)
 *(.srodata.cst4)
 *(.srodata.cst2)
 *(.srodata .srodata.*)

.eh_frame_hdr   0x20000398        0x0
 *(.eh_frame_hdr)
                0x200003a0                . = ALIGN (0x20)

.eh_frame       0x200003a0        0x0
 *(.eh_frame)
                0x00000000                PROVIDE (_ILM_USE_START = ADDR (.retention_reset))
                0x00000382                PROVIDE (_ILM_USE_END = _RAMCODE_VMA_END)
                0x00000382                PROVIDE (_ILM_USE_SIZE = (_ILM_USE_END - _ILM_USE_START))
                0x00080000                . = 0x80000
                [!provide]                        PROVIDE (__global_pointer$ = (. + 0x800))

.rf_certification_cfg
                0x00080000        0x0 load address 0x200003a0
 *(.rf_certification_cfg)
                [!provide]                        PROVIDE (_RF_CERTIFICATION_CFG_ADDR_OFFSET = (LOADADDR (.rf_certification_cfg) - BIN_BEGIN))

.data           0x00080000        0x1 load address 0x200003a0
 *(.data .data.* .gnu.linkonce.d.*)
 *(.gnu.linkonce.d.*personality*)
 *(.sdata .sdata.* .gnu.linkonce.s.*)
 .sdata.init_flag.0
                0x00080000        0x1 /cygdrive/c/Users/874332/AppData/Local/Temp/ccJSmMzI.ltrans0.ltrans.o
 *(.sdata2 .sdata2.* .gnu.linkonce.s.*)
                [!provide]                        PROVIDE (_DATA_VMA_END = .)
                [!provide]                        PROVIDE (_DATA_VMA_START = ADDR (.data))
                [!provide]                        PROVIDE (_DATA_LMA_START = LOADADDR (.data))
                0x00080008                . = ALIGN (0x8)
                [!provide]                        PROVIDE (_BSS_VMA_START = .)

.sbss
 *(.dynsbss)
 *(.sbss .sbss.* .gnu.linkonce.sb.*)
 *(.scommon .scommon.*)

.bss            0x00080008        0x0
 *(.dynbss)
 *(.bss .bss.* .gnu.linkonce.b.*)
 *(COMMON)
                0x00080008                . = ALIGN (0x8)
                0x00080008                PROVIDE (_BSS_VMA_END = (((. + 0x3) / 0x4) * 0x4))

.sdk_version    0x00080008       0x26 load address 0x200003a1
 *(.sdk_version)
 .sdk_version   0x00080008       0x26 /cygdrive/c/Users/874332/AppData/Local/Temp/ccJSmMzI.ltrans0.ltrans.o
                0x000003c7                PROVIDE (BIN_SIZE = ((LOADADDR (.sdk_version) + SIZEOF (.sdk_version)) - BIN_BEGIN))
                0x00080030                . = ALIGN (0x8)
                0x00080030                _end = .
                [!provide]                        PROVIDE (end = .)
                0x100080000                PROVIDE (_STACK_TOP = (0x80000 + (0x8000 * __D25F_DRAM_SIZE)))
                0x00100000                PROVIDE (FLASH_SIZE = 0x100000)
                0x00080008                PROVIDE (_DLM_USE_SIZE = _BSS_VMA_END)
                0x00000001                ASSERT ((BIN_SIZE <= FLASH_SIZE), BIN FILE OVERFLOW)
                0x00000001                ASSERT ((_ILM_USE_SIZE <= (0x8000 * __D25F_IRAM_SIZE)), IRAM OVERFLOW)
                0x00000001                ASSERT ((_DLM_USE_SIZE <= (_STACK_TOP - 0x258)), DRAM OVERFLOW)
OUTPUT(GPIO_Demo elf32-littleriscv)

.debug_info     0x00000000     0xa3b7
 .debug_info    0x00000000      0x686 /cygdrive/c/Users/874332/AppData/Local/Temp/ccJSmMzI.ltrans0.ltrans.o
 .debug_info    0x00000686     0x1c6f /cygdrive/c/Users/874332/AppData/Local/Temp/ccMH8ClS.debug.temp.o
                0x00000686                adc.c.7a8becdd
 .debug_info    0x000022f5      0x13e /cygdrive/c/Users/874332/AppData/Local/Temp/cc7lQEtz.debug.temp.o
                0x000022f5                error_handler.c.3ba8401a
 .debug_info    0x00002433     0x121c /cygdrive/c/Users/874332/AppData/Local/Temp/ccIyguSp.debug.temp.o
                0x00002433                gpio.c.808de111
 .debug_info    0x0000364f     0x26e8 /cygdrive/c/Users/874332/AppData/Local/Temp/cctrYyaE.debug.temp.o
                0x0000364f                i2c.c.97e393f0
 .debug_info    0x00005d37     0x1315 /cygdrive/c/Users/874332/AppData/Local/Temp/ccVDGcVY.debug.temp.o
                0x00005d37                keyscan.c.8a73461e
 .debug_info    0x0000704c      0x1f0 /cygdrive/c/Users/874332/AppData/Local/Temp/ccEEHdyF.debug.temp.o
                0x0000704c                plmt.c.d8ab7510
 .debug_info    0x0000723c     0x113b /cygdrive/c/Users/874332/AppData/Local/Temp/cc8HN5hj.debug.temp.o
                0x0000723c                sd_adc.c.77dd6bf8
 .debug_info    0x00008377       0x56 /cygdrive/c/Users/874332/AppData/Local/Temp/ccJYuVlm.debug.temp.o
                0x00008377                sdk_version.c.2f170471
 .debug_info    0x000083cd     0x13b7 /cygdrive/c/Users/874332/AppData/Local/Temp/ccb6kRUR.debug.temp.o
                0x000083cd                app.c.48a40c59
 .debug_info    0x00009784      0x769 /cygdrive/c/Users/874332/AppData/Local/Temp/ccLeJA8S.debug.temp.o
                0x00009784                pc_interface.c.646849b0
 .debug_info    0x00009eed      0x4ca /cygdrive/c/Users/874332/AppData/Local/Temp/cc4QrDPY.debug.temp.o
                0x00009eed                printf.c.9c5365ff

.debug_abbrev   0x00000000     0x1443
 .debug_abbrev  0x00000000      0x1f2 /cygdrive/c/Users/874332/AppData/Local/Temp/ccJSmMzI.ltrans0.ltrans.o
 .debug_abbrev  0x000001f2      0x291 /cygdrive/c/Users/874332/AppData/Local/Temp/ccMH8ClS.debug.temp.o
 .debug_abbrev  0x00000483       0xcd /cygdrive/c/Users/874332/AppData/Local/Temp/cc7lQEtz.debug.temp.o
 .debug_abbrev  0x00000550      0x1be /cygdrive/c/Users/874332/AppData/Local/Temp/ccIyguSp.debug.temp.o
 .debug_abbrev  0x0000070e      0x2d2 /cygdrive/c/Users/874332/AppData/Local/Temp/cctrYyaE.debug.temp.o
 .debug_abbrev  0x000009e0      0x212 /cygdrive/c/Users/874332/AppData/Local/Temp/ccVDGcVY.debug.temp.o
 .debug_abbrev  0x00000bf2       0xe2 /cygdrive/c/Users/874332/AppData/Local/Temp/ccEEHdyF.debug.temp.o
 .debug_abbrev  0x00000cd4      0x265 /cygdrive/c/Users/874332/AppData/Local/Temp/cc8HN5hj.debug.temp.o
 .debug_abbrev  0x00000f39       0x48 /cygdrive/c/Users/874332/AppData/Local/Temp/ccJYuVlm.debug.temp.o
 .debug_abbrev  0x00000f81      0x18f /cygdrive/c/Users/874332/AppData/Local/Temp/ccb6kRUR.debug.temp.o
 .debug_abbrev  0x00001110      0x1ba /cygdrive/c/Users/874332/AppData/Local/Temp/ccLeJA8S.debug.temp.o
 .debug_abbrev  0x000012ca      0x179 /cygdrive/c/Users/874332/AppData/Local/Temp/cc4QrDPY.debug.temp.o

.debug_loc      0x00000000      0x392
 .debug_loc     0x00000000      0x392 /cygdrive/c/Users/874332/AppData/Local/Temp/ccJSmMzI.ltrans0.ltrans.o

.debug_aranges  0x00000000       0x70
 .debug_aranges
                0x00000000       0x70 /cygdrive/c/Users/874332/AppData/Local/Temp/ccJSmMzI.ltrans0.ltrans.o

.debug_ranges   0x00000000      0x1c0
 .debug_ranges  0x00000000      0x1c0 /cygdrive/c/Users/874332/AppData/Local/Temp/ccJSmMzI.ltrans0.ltrans.o

.debug_line     0x00000000     0x56ca
 .debug_line    0x00000000      0xb7c /cygdrive/c/Users/874332/AppData/Local/Temp/ccJSmMzI.ltrans0.ltrans.o
 .debug_line    0x00000b7c      0x5a2 /cygdrive/c/Users/874332/AppData/Local/Temp/ccMH8ClS.debug.temp.o
 .debug_line    0x0000111e      0x396 /cygdrive/c/Users/874332/AppData/Local/Temp/cc7lQEtz.debug.temp.o
 .debug_line    0x000014b4      0x4ff /cygdrive/c/Users/874332/AppData/Local/Temp/ccIyguSp.debug.temp.o
 .debug_line    0x000019b3      0x56b /cygdrive/c/Users/874332/AppData/Local/Temp/cctrYyaE.debug.temp.o
 .debug_line    0x00001f1e      0x529 /cygdrive/c/Users/874332/AppData/Local/Temp/ccVDGcVY.debug.temp.o
 .debug_line    0x00002447      0x474 /cygdrive/c/Users/874332/AppData/Local/Temp/ccEEHdyF.debug.temp.o
 .debug_line    0x000028bb      0x76a /cygdrive/c/Users/874332/AppData/Local/Temp/cc8HN5hj.debug.temp.o
 .debug_line    0x00003025       0x60 /cygdrive/c/Users/874332/AppData/Local/Temp/ccJYuVlm.debug.temp.o
 .debug_line    0x00003085     0x1067 /cygdrive/c/Users/874332/AppData/Local/Temp/ccb6kRUR.debug.temp.o
 .debug_line    0x000040ec      0xef0 /cygdrive/c/Users/874332/AppData/Local/Temp/ccLeJA8S.debug.temp.o
 .debug_line    0x00004fdc      0x6ee /cygdrive/c/Users/874332/AppData/Local/Temp/cc4QrDPY.debug.temp.o

.debug_str      0x00000000    0x354a2
 .debug_str     0x00000000      0x2da /cygdrive/c/Users/874332/AppData/Local/Temp/ccJSmMzI.ltrans0.ltrans.o
                                        0x305 (size before relaxing)
 .debug_str     0x000002da    0x21c5c /cygdrive/c/Users/874332/AppData/Local/Temp/ccMH8ClS.debug.temp.o
                                      0x2203d (size before relaxing)
 .debug_str     0x00021f36      0x1c0 /cygdrive/c/Users/874332/AppData/Local/Temp/cc7lQEtz.debug.temp.o
                                      0x1f5c8 (size before relaxing)
 .debug_str     0x000220f6      0xe88 /cygdrive/c/Users/874332/AppData/Local/Temp/ccIyguSp.debug.temp.o
                                      0x216b8 (size before relaxing)
 .debug_str     0x00022f7e     0x2b2b /cygdrive/c/Users/874332/AppData/Local/Temp/cctrYyaE.debug.temp.o
                                      0x23fe6 (size before relaxing)
 .debug_str     0x00025aa9      0x518 /cygdrive/c/Users/874332/AppData/Local/Temp/ccVDGcVY.debug.temp.o
                                      0x21a2e (size before relaxing)
 .debug_str     0x00025fc1      0x184 /cygdrive/c/Users/874332/AppData/Local/Temp/ccEEHdyF.debug.temp.o
                                      0x1fac3 (size before relaxing)
 .debug_str     0x00026145     0x5c20 /cygdrive/c/Users/874332/AppData/Local/Temp/cc8HN5hj.debug.temp.o
                                      0x26a74 (size before relaxing)
 .debug_str     0x0002bd65       0xc0 /cygdrive/c/Users/874332/AppData/Local/Temp/ccJYuVlm.debug.temp.o
                                       0x2c89 (size before relaxing)
 .debug_str     0x0002be25     0x92cc /cygdrive/c/Users/874332/AppData/Local/Temp/ccb6kRUR.debug.temp.o
                                      0x30828 (size before relaxing)
 .debug_str     0x000350f1      0x2cc /cygdrive/c/Users/874332/AppData/Local/Temp/ccLeJA8S.debug.temp.o
                                      0x2e254 (size before relaxing)
 .debug_str     0x000353bd       0xe5 /cygdrive/c/Users/874332/AppData/Local/Temp/cc4QrDPY.debug.temp.o
                                      0x259b6 (size before relaxing)

.comment        0x00000000       0x3a
 .comment       0x00000000       0x3a /cygdrive/c/Users/874332/AppData/Local/Temp/ccJSmMzI.ltrans0.ltrans.o
                                         0x3b (size before relaxing)

.riscv.attributes
                0x00000000       0x40
 .riscv.attributes
                0x00000000       0x40 /cygdrive/c/Users/874332/AppData/Local/Temp/ccJSmMzI.ltrans0.ltrans.o

.debug_frame    0x00000000      0x184
 .debug_frame   0x00000000      0x184 /cygdrive/c/Users/874332/AppData/Local/Temp/ccJSmMzI.ltrans0.ltrans.o

.debug_macro    0x00000000     0x7e5a
 .debug_macro   0x00000000      0x252 /cygdrive/c/Users/874332/AppData/Local/Temp/ccMH8ClS.debug.temp.o
 .debug_macro   0x00000252      0x87a /cygdrive/c/Users/874332/AppData/Local/Temp/ccMH8ClS.debug.temp.o
 .debug_macro   0x00000acc       0x52 /cygdrive/c/Users/874332/AppData/Local/Temp/ccMH8ClS.debug.temp.o
 .debug_macro   0x00000b1e       0xb8 /cygdrive/c/Users/874332/AppData/Local/Temp/ccMH8ClS.debug.temp.o
 .debug_macro   0x00000bd6      0x240 /cygdrive/c/Users/874332/AppData/Local/Temp/ccMH8ClS.debug.temp.o
 .debug_macro   0x00000e16      0x890 /cygdrive/c/Users/874332/AppData/Local/Temp/ccMH8ClS.debug.temp.o
 .debug_macro   0x000016a6       0x4c /cygdrive/c/Users/874332/AppData/Local/Temp/ccMH8ClS.debug.temp.o
 .debug_macro   0x000016f2      0x20e /cygdrive/c/Users/874332/AppData/Local/Temp/ccMH8ClS.debug.temp.o
 .debug_macro   0x00001900       0xa8 /cygdrive/c/Users/874332/AppData/Local/Temp/ccMH8ClS.debug.temp.o
 .debug_macro   0x000019a8       0x7e /cygdrive/c/Users/874332/AppData/Local/Temp/ccMH8ClS.debug.temp.o
 .debug_macro   0x00001a26      0x159 /cygdrive/c/Users/874332/AppData/Local/Temp/ccMH8ClS.debug.temp.o
 .debug_macro   0x00001b7f      0x381 /cygdrive/c/Users/874332/AppData/Local/Temp/ccMH8ClS.debug.temp.o
 .debug_macro   0x00001f00       0xc5 /cygdrive/c/Users/874332/AppData/Local/Temp/ccMH8ClS.debug.temp.o
 .debug_macro   0x00001fc5      0x1ec /cygdrive/c/Users/874332/AppData/Local/Temp/ccMH8ClS.debug.temp.o
 .debug_macro   0x000021b1      0x15f /cygdrive/c/Users/874332/AppData/Local/Temp/ccMH8ClS.debug.temp.o
 .debug_macro   0x00002310       0xd4 /cygdrive/c/Users/874332/AppData/Local/Temp/ccMH8ClS.debug.temp.o
 .debug_macro   0x000023e4      0x1e8 /cygdrive/c/Users/874332/AppData/Local/Temp/ccMH8ClS.debug.temp.o
 .debug_macro   0x000025cc      0xc1a /cygdrive/c/Users/874332/AppData/Local/Temp/ccMH8ClS.debug.temp.o
 .debug_macro   0x000031e6       0x10 /cygdrive/c/Users/874332/AppData/Local/Temp/ccMH8ClS.debug.temp.o
 .debug_macro   0x000031f6       0x3a /cygdrive/c/Users/874332/AppData/Local/Temp/ccMH8ClS.debug.temp.o
 .debug_macro   0x00003230       0x1c /cygdrive/c/Users/874332/AppData/Local/Temp/ccMH8ClS.debug.temp.o
 .debug_macro   0x0000324c       0x34 /cygdrive/c/Users/874332/AppData/Local/Temp/ccMH8ClS.debug.temp.o
 .debug_macro   0x00003280       0x88 /cygdrive/c/Users/874332/AppData/Local/Temp/ccMH8ClS.debug.temp.o
 .debug_macro   0x00003308       0x7d /cygdrive/c/Users/874332/AppData/Local/Temp/ccMH8ClS.debug.temp.o
 .debug_macro   0x00003385      0x105 /cygdrive/c/Users/874332/AppData/Local/Temp/ccMH8ClS.debug.temp.o
 .debug_macro   0x0000348a       0x28 /cygdrive/c/Users/874332/AppData/Local/Temp/ccMH8ClS.debug.temp.o
 .debug_macro   0x000034b2       0x46 /cygdrive/c/Users/874332/AppData/Local/Temp/ccMH8ClS.debug.temp.o
 .debug_macro   0x000034f8       0xcc /cygdrive/c/Users/874332/AppData/Local/Temp/ccMH8ClS.debug.temp.o
 .debug_macro   0x000035c4       0x46 /cygdrive/c/Users/874332/AppData/Local/Temp/ccMH8ClS.debug.temp.o
 .debug_macro   0x0000360a       0x46 /cygdrive/c/Users/874332/AppData/Local/Temp/ccMH8ClS.debug.temp.o
 .debug_macro   0x00003650       0x34 /cygdrive/c/Users/874332/AppData/Local/Temp/ccMH8ClS.debug.temp.o
 .debug_macro   0x00003684       0x7c /cygdrive/c/Users/874332/AppData/Local/Temp/ccMH8ClS.debug.temp.o
 .debug_macro   0x00003700       0x64 /cygdrive/c/Users/874332/AppData/Local/Temp/ccMH8ClS.debug.temp.o
 .debug_macro   0x00003764      0x158 /cygdrive/c/Users/874332/AppData/Local/Temp/ccMH8ClS.debug.temp.o
 .debug_macro   0x000038bc      0x136 /cygdrive/c/Users/874332/AppData/Local/Temp/ccMH8ClS.debug.temp.o
 .debug_macro   0x000039f2       0x16 /cygdrive/c/Users/874332/AppData/Local/Temp/ccMH8ClS.debug.temp.o
 .debug_macro   0x00003a08       0xad /cygdrive/c/Users/874332/AppData/Local/Temp/ccMH8ClS.debug.temp.o
 .debug_macro   0x00003ab5      0x3d2 /cygdrive/c/Users/874332/AppData/Local/Temp/ccMH8ClS.debug.temp.o
 .debug_macro   0x00003e87       0x4c /cygdrive/c/Users/874332/AppData/Local/Temp/ccMH8ClS.debug.temp.o
 .debug_macro   0x00003ed3       0x22 /cygdrive/c/Users/874332/AppData/Local/Temp/ccMH8ClS.debug.temp.o
 .debug_macro   0x00003ef5       0x4c /cygdrive/c/Users/874332/AppData/Local/Temp/ccMH8ClS.debug.temp.o
 .debug_macro   0x00003f41       0x58 /cygdrive/c/Users/874332/AppData/Local/Temp/ccMH8ClS.debug.temp.o
 .debug_macro   0x00003f99       0x60 /cygdrive/c/Users/874332/AppData/Local/Temp/ccMH8ClS.debug.temp.o
 .debug_macro   0x00003ff9       0x12 /cygdrive/c/Users/874332/AppData/Local/Temp/ccMH8ClS.debug.temp.o
 .debug_macro   0x0000400b      0x1d8 /cygdrive/c/Users/874332/AppData/Local/Temp/ccMH8ClS.debug.temp.o
 .debug_macro   0x000041e3      0x19e /cygdrive/c/Users/874332/AppData/Local/Temp/cc7lQEtz.debug.temp.o
 .debug_macro   0x00004381      0x208 /cygdrive/c/Users/874332/AppData/Local/Temp/ccIyguSp.debug.temp.o
 .debug_macro   0x00004589      0x235 /cygdrive/c/Users/874332/AppData/Local/Temp/cctrYyaE.debug.temp.o
 .debug_macro   0x000047be      0x220 /cygdrive/c/Users/874332/AppData/Local/Temp/ccVDGcVY.debug.temp.o
 .debug_macro   0x000049de      0x1c8 /cygdrive/c/Users/874332/AppData/Local/Temp/ccEEHdyF.debug.temp.o
 .debug_macro   0x00004ba6      0x35e /cygdrive/c/Users/874332/AppData/Local/Temp/cc8HN5hj.debug.temp.o
 .debug_macro   0x00004f04       0x16 /cygdrive/c/Users/874332/AppData/Local/Temp/cc8HN5hj.debug.temp.o
 .debug_macro   0x00004f1a       0x9e /cygdrive/c/Users/874332/AppData/Local/Temp/cc8HN5hj.debug.temp.o
 .debug_macro   0x00004fb8      0x104 /cygdrive/c/Users/874332/AppData/Local/Temp/cc8HN5hj.debug.temp.o
 .debug_macro   0x000050bc       0x58 /cygdrive/c/Users/874332/AppData/Local/Temp/cc8HN5hj.debug.temp.o
 .debug_macro   0x00005114       0x16 /cygdrive/c/Users/874332/AppData/Local/Temp/cc8HN5hj.debug.temp.o
 .debug_macro   0x0000512a       0x43 /cygdrive/c/Users/874332/AppData/Local/Temp/cc8HN5hj.debug.temp.o
 .debug_macro   0x0000516d       0x35 /cygdrive/c/Users/874332/AppData/Local/Temp/cc8HN5hj.debug.temp.o
 .debug_macro   0x000051a2       0x10 /cygdrive/c/Users/874332/AppData/Local/Temp/cc8HN5hj.debug.temp.o
 .debug_macro   0x000051b2      0x257 /cygdrive/c/Users/874332/AppData/Local/Temp/cc8HN5hj.debug.temp.o
 .debug_macro   0x00005409       0x58 /cygdrive/c/Users/874332/AppData/Local/Temp/cc8HN5hj.debug.temp.o
 .debug_macro   0x00005461       0x5e /cygdrive/c/Users/874332/AppData/Local/Temp/cc8HN5hj.debug.temp.o
 .debug_macro   0x000054bf       0x10 /cygdrive/c/Users/874332/AppData/Local/Temp/cc8HN5hj.debug.temp.o
 .debug_macro   0x000054cf       0x6a /cygdrive/c/Users/874332/AppData/Local/Temp/cc8HN5hj.debug.temp.o
 .debug_macro   0x00005539       0xb9 /cygdrive/c/Users/874332/AppData/Local/Temp/cc8HN5hj.debug.temp.o
 .debug_macro   0x000055f2      0x103 /cygdrive/c/Users/874332/AppData/Local/Temp/cc8HN5hj.debug.temp.o
 .debug_macro   0x000056f5      0x1df /cygdrive/c/Users/874332/AppData/Local/Temp/cc8HN5hj.debug.temp.o
 .debug_macro   0x000058d4       0x12 /cygdrive/c/Users/874332/AppData/Local/Temp/cc8HN5hj.debug.temp.o
 .debug_macro   0x000058e6       0x16 /cygdrive/c/Users/874332/AppData/Local/Temp/cc8HN5hj.debug.temp.o
 .debug_macro   0x000058fc      0x13b /cygdrive/c/Users/874332/AppData/Local/Temp/cc8HN5hj.debug.temp.o
 .debug_macro   0x00005a37       0x1a /cygdrive/c/Users/874332/AppData/Local/Temp/ccJYuVlm.debug.temp.o
 .debug_macro   0x00005a51       0x10 /cygdrive/c/Users/874332/AppData/Local/Temp/ccJYuVlm.debug.temp.o
 .debug_macro   0x00005a61      0x87a /cygdrive/c/Users/874332/AppData/Local/Temp/ccb6kRUR.debug.temp.o
 .debug_macro   0x000062db       0x10 /cygdrive/c/Users/874332/AppData/Local/Temp/ccb6kRUR.debug.temp.o
 .debug_macro   0x000062eb       0x74 /cygdrive/c/Users/874332/AppData/Local/Temp/ccb6kRUR.debug.temp.o
 .debug_macro   0x0000635f      0xc8c /cygdrive/c/Users/874332/AppData/Local/Temp/ccb6kRUR.debug.temp.o
 .debug_macro   0x00006feb       0x46 /cygdrive/c/Users/874332/AppData/Local/Temp/ccb6kRUR.debug.temp.o
 .debug_macro   0x00007031      0x1bb /cygdrive/c/Users/874332/AppData/Local/Temp/ccb6kRUR.debug.temp.o
 .debug_macro   0x000071ec       0x6a /cygdrive/c/Users/874332/AppData/Local/Temp/ccb6kRUR.debug.temp.o
 .debug_macro   0x00007256       0x10 /cygdrive/c/Users/874332/AppData/Local/Temp/ccb6kRUR.debug.temp.o
 .debug_macro   0x00007266      0x82e /cygdrive/c/Users/874332/AppData/Local/Temp/ccLeJA8S.debug.temp.o
 .debug_macro   0x00007a94       0x64 /cygdrive/c/Users/874332/AppData/Local/Temp/ccLeJA8S.debug.temp.o
 .debug_macro   0x00007af8      0x362 /cygdrive/c/Users/874332/AppData/Local/Temp/cc4QrDPY.debug.temp.o
