Archive member included to satisfy reference by file (symbol)

/cygdrive/c/Git/led-demo-tlsr8258/./chip/tl322x/drivers/lib/libdriver_d25f.a(analog.o)
                              CMakeFiles/GPIO_Demo.dir/chip/tl322x/drivers/adc.c.obj (symbol from plugin) (analog_read_reg8)
/cygdrive/c/Git/led-demo-tlsr8258/./chip/tl322x/drivers/lib/libdriver_d25f.a(clock.o)
                              CMakeFiles/GPIO_Demo.dir/demo/vendor/GPIO_Demo/main.c.obj (symbol from plugin) (clock_init)
/cygdrive/c/Git/led-demo-tlsr8258/./chip/tl322x/drivers/lib/libdriver_d25f.a(core.o)
                              clock.o (symbol from plugin) (core_cclk_delay_tick)
/cygdrive/c/Git/led-demo-tlsr8258/./chip/tl322x/drivers/lib/libdriver_d25f.a(flash_base.o)
                              CMakeFiles/GPIO_Demo.dir/chip/tl322x/drivers/flash.c.obj (symbol from plugin) (flash_mspi_read_ram)
/cygdrive/c/Git/led-demo-tlsr8258/./chip/tl322x/drivers/lib/libdriver_d25f.a(mspi.o)
                              flash_base.o (symbol from plugin) (mspi_write)
/cygdrive/c/Git/led-demo-tlsr8258/./chip/tl322x/drivers/lib/libdriver_d25f.a(plic.o)
                              flash_base.o (symbol from plugin) (plic_enter_critical_sec)
/cygdrive/c/Git/led-demo-tlsr8258/./chip/tl322x/drivers/lib/libdriver_d25f.a(stimer.o)
                              CMakeFiles/GPIO_Demo.dir/chip/tl322x/drivers/audio.c.obj (symbol from plugin) (delay_us)
/cygdrive/c/Git/led-demo-tlsr8258/./chip/tl322x/drivers/lib/libdriver_d25f.a(pm.o)
                              CMakeFiles/GPIO_Demo.dir/chip/tl322x/drivers/usb0hw.c.obj (symbol from plugin) (pm_set_dig_module_power_switch)
/cygdrive/c/Git/led-demo-tlsr8258/./chip/tl322x/drivers/lib/libdriver_d25f.a(pm_internal.o)
                              clock.o (symbol from plugin) (pm_bbpll_power_down)
/cygdrive/c/Git/led-demo-tlsr8258/./chip/tl322x/drivers/lib/libdriver_d25f.a(sys.o)
                              pm.o (symbol from plugin) (sys_reboot_ram)

Discarded input sections

 .text          0x00000000        0x0 CMakeFiles/GPIO_Demo.dir/chip/tl322x/boot/N22/cstartup_flash.S.obj
 .data          0x00000000        0x0 CMakeFiles/GPIO_Demo.dir/chip/tl322x/boot/N22/cstartup_flash.S.obj
 .bss           0x00000000        0x0 CMakeFiles/GPIO_Demo.dir/chip/tl322x/boot/N22/cstartup_flash.S.obj
 .riscv.attributes
                0x00000000       0x38 CMakeFiles/GPIO_Demo.dir/chip/tl322x/boot/N22/cstartup_flash.S.obj
 .text          0x00000000        0x0 CMakeFiles/GPIO_Demo.dir/chip/tl322x/boot/N22/cstartup_ram.S.obj
 .data          0x00000000        0x0 CMakeFiles/GPIO_Demo.dir/chip/tl322x/boot/N22/cstartup_ram.S.obj
 .bss           0x00000000        0x0 CMakeFiles/GPIO_Demo.dir/chip/tl322x/boot/N22/cstartup_ram.S.obj
 .riscv.attributes
                0x00000000       0x38 CMakeFiles/GPIO_Demo.dir/chip/tl322x/boot/N22/cstartup_ram.S.obj
 .text          0x00000000        0x0 CMakeFiles/GPIO_Demo.dir/chip/tl322x/boot/N22/cstartup_rram.S.obj
 .data          0x00000000        0x0 CMakeFiles/GPIO_Demo.dir/chip/tl322x/boot/N22/cstartup_rram.S.obj
 .bss           0x00000000        0x0 CMakeFiles/GPIO_Demo.dir/chip/tl322x/boot/N22/cstartup_rram.S.obj
 .riscv.attributes
                0x00000000       0x38 CMakeFiles/GPIO_Demo.dir/chip/tl322x/boot/N22/cstartup_rram.S.obj
 .data          0x00000000        0x0 /cygdrive/c/Users/874332/AppData/Local/Temp/ccz7UkPl.ltrans0.ltrans.o
 .bss           0x00000000        0x0 /cygdrive/c/Users/874332/AppData/Local/Temp/ccz7UkPl.ltrans0.ltrans.o
 .text.drv_timeout_handler
                0x00000000       0x12 /cygdrive/c/Users/874332/AppData/Local/Temp/ccz7UkPl.ltrans0.ltrans.o
 .text._write   0x00000000       0x50 /cygdrive/c/Users/874332/AppData/Local/Temp/ccz7UkPl.ltrans0.ltrans.o
 .sbss.g_adc_pre_scale
                0x00000000        0x3 /cygdrive/c/Users/874332/AppData/Local/Temp/ccz7UkPl.ltrans0.ltrans.o
 .sbss.g_adc_vbat_divider
                0x00000000        0x3 /cygdrive/c/Users/874332/AppData/Local/Temp/ccz7UkPl.ltrans0.ltrans.o
 .sbss.g_i2c_error_timeout_code
                0x00000000        0x4 /cygdrive/c/Users/874332/AppData/Local/Temp/ccz7UkPl.ltrans0.ltrans.o
 .sbss.g_i2c1_m_error_timeout_code
                0x00000000        0x4 /cygdrive/c/Users/874332/AppData/Local/Temp/ccz7UkPl.ltrans0.ltrans.o
 .sbss.g_keyscan_col_cnt
                0x00000000        0x1 /cygdrive/c/Users/874332/AppData/Local/Temp/ccz7UkPl.ltrans0.ltrans.o
 .bss.g_keyscan_col
                0x00000000       0x1f /cygdrive/c/Users/874332/AppData/Local/Temp/ccz7UkPl.ltrans0.ltrans.o
 .sbss.mtime_clock_source
                0x00000000        0x4 /cygdrive/c/Users/874332/AppData/Local/Temp/ccz7UkPl.ltrans0.ltrans.o
 .sbss.g_sd_adc_divider
                0x00000000        0x1 /cygdrive/c/Users/874332/AppData/Local/Temp/ccz7UkPl.ltrans0.ltrans.o
 .sbss.g_sd_adc_downsample_rate
                0x00000000        0x2 /cygdrive/c/Users/874332/AppData/Local/Temp/ccz7UkPl.ltrans0.ltrans.o
 .sbss.gpio_irq0_cnt
[...]
Memory Configuration

Name             Origin             Length             Attributes
*default*        0x00000000         0xffffffffffffffff

Linker script and memory map

                0x00020000                __D25F_DRAM_SIZE = 0x20000
                0x00004000                __D25F_IRAM_SIZE = 0x4000
LOAD CMakeFiles/GPIO_Demo.dir/chip/tl322x/boot/N22/cstartup_flash.S.obj
LOAD CMakeFiles/GPIO_Demo.dir/chip/tl322x/boot/N22/cstartup_ram.S.obj
LOAD CMakeFiles/GPIO_Demo.dir/chip/tl322x/boot/N22/cstartup_rram.S.obj
LOAD CMakeFiles/GPIO_Demo.dir/chip/tl322x/drivers/adc.c.obj
LOAD /cygdrive/c/Users/874332/AppData/Local/Temp/ccz7UkPl.ltrans0.ltrans.o
LOAD /cygdrive/c/Users/874332/AppData/Local/Temp/ccecDSuR.debug.temp.o
LOAD /cygdrive/c/Users/874332/AppData/Local/Temp/cc5KorRh.debug.temp.o
LOAD /cygdrive/c/Users/874332/AppData/Local/Temp/ccTeKXq2.debug.temp.o
LOAD /cygdrive/c/Users/874332/AppData/Local/Temp/cczFVOF3.debug.temp.o
LOAD /cygdrive/c/Users/874332/AppData/Local/Temp/ccTdyAAd.debug.temp.o
LOAD /cygdrive/c/Users/874332/AppData/Local/Temp/cchqhYhw.debug.temp.o
LOAD /cygdrive/c/Users/874332/AppData/Local/Temp/cc4AbqDC.debug.temp.o
LOAD /cygdrive/c/Users/874332/AppData/Local/Temp/ccyieBmp.debug.temp.o
LOAD /cygdrive/c/Users/874332/AppData/Local/Temp/cczwUe3f.debug.temp.o
LOAD /cygdrive/c/Users/874332/AppData/Local/Temp/cc6yYYNy.debug.temp.o
LOAD /cygdrive/c/Users/874332/AppData/Local/Temp/ccujbe8C.debug.temp.o
LOAD /cygdrive/c/Users/874332/AppData/Local/Temp/ccoNMTI4.debug.temp.o
LOAD /cygdrive/c/Users/874332/AppData/Local/Temp/cci7fBdQ.debug.temp.o
LOAD /cygdrive/c/Users/874332/AppData/Local/Temp/cc08FDN4.debug.temp.o
LOAD /cygdrive/c/Users/874332/AppData/Local/Temp/ccPHXDon.debug.temp.o
LOAD /cygdrive/c/Users/874332/AppData/Local/Temp/ccMlqIvB.debug.temp.o
LOAD /cygdrive/c/Users/874332/AppData/Local/Temp/ccKyrCmz.debug.temp.o
LOAD /cygdrive/c/Users/874332/AppData/Local/Temp/ccrzTfw1.debug.temp.o
LOAD /cygdrive/c/Users/874332/AppData/Local/Temp/ccPFamnY.debug.temp.o
LOAD /cygdrive/c/Users/874332/AppData/Local/Temp/ccdmLA8T.debug.temp.o
LOAD /cygdrive/c/Users/874332/AppData/Local/Temp/ccBFol7S.debug.temp.o
LOAD /cygdrive/c/Users/874332/AppData/Local/Temp/ccd5FUzH.debug.temp.o
LOAD /cygdrive/c/Users/874332/AppData/Local/Temp/ccbWdDlb.debug.temp.o
LOAD /cygdrive/c/Users/874332/AppData/Local/Temp/cc4GzgB3.debug.temp.o
LOAD /cygdrive/c/Users/874332/AppData/Local/Temp/cc9PCUt2.debug.temp.o
LOAD /cygdrive/c/Users/874332/AppData/Local/Temp/ccyJjvPv.debug.temp.o
LOAD /cygdrive/c/Users/874332/AppData/Local/Temp/cchPXuhG.debug.temp.o
LOAD /cygdrive/c/Users/874332/AppData/Local/Temp/ccLP1qOD.debug.temp.o
LOAD /cygdrive/c/Users/874332/AppData/Local/Temp/ccgAxbZN.debug.temp.o
LOAD /cygdrive/c/Users/874332/AppData/Local/Temp/cczxNT2l.debug.temp.o
LOAD /cygdrive/c/Users/874332/AppData/Local/Temp/ccoSe92Z.debug.temp.o
LOAD /cygdrive/c/Users/874332/AppData/Local/Temp/cc2LqrxT.debug.temp.o
LOAD /cygdrive/c/Users/874332/AppData/Local/Temp/cciGf52W.debug.temp.o
LOAD /cygdrive/c/Users/874332/AppData/Local/Temp/ccPpiXk6.debug.temp.o
LOAD /cygdrive/c/Users/874332/AppData/Local/Temp/cc9zM76y.debug.temp.o
LOAD /cygdrive/c/Users/874332/AppData/Local/Temp/ccvjMZwN.debug.temp.o
LOAD /cygdrive/c/Users/874332/AppData/Local/Temp/cccdteTn.debug.temp.o
LOAD /cygdrive/c/Users/874332/AppData/Local/Temp/ccbtqcJ0.debug.temp.o
LOAD /cygdrive/c/Users/874332/AppData/Local/Temp/ccQtCbWf.debug.temp.o
LOAD /cygdrive/c/Users/874332/AppData/Local/Temp/ccQII0yt.debug.temp.o
LOAD /cygdrive/c/Users/874332/AppData/Local/Temp/ccTJoaTv.debug.temp.o
LOAD /cygdrive/c/Users/874332/AppData/Local/Temp/ccYPR850.debug.temp.o
LOAD CMakeFiles/GPIO_Demo.dir/chip/tl322x/drivers/audio.c.obj
LOAD CMakeFiles/GPIO_Demo.dir/chip/tl322x/drivers/can.c.obj
LOAD CMakeFiles/GPIO_Demo.dir/chip/tl322x/drivers/error_handler/error_handler.c.obj
LOAD CMakeFiles/GPIO_Demo.dir/chip/tl322x/drivers/flash.c.obj
LOAD CMakeFiles/GPIO_Demo.dir/chip/tl322x/drivers/flash/flash_common.c.obj
LOAD CMakeFiles/GPIO_Demo.dir/chip/tl322x/drivers/flash/flash_mid146085.c.obj
LOAD CMakeFiles/GPIO_Demo.dir/chip/tl322x/drivers/flash/flash_mid1460c8.c.obj
LOAD CMakeFiles/GPIO_Demo.dir/chip/tl322x/drivers/flash/flash_mid156085.c.obj
LOAD CMakeFiles/GPIO_Demo.dir/chip/tl322x/drivers/flash/flash_mid1560c8.c.obj
LOAD CMakeFiles/GPIO_Demo.dir/chip/tl322x/drivers/flash/flash_mid166085.c.obj
LOAD CMakeFiles/GPIO_Demo.dir/chip/tl322x/drivers/gpio.c.obj
LOAD CMakeFiles/GPIO_Demo.dir/chip/tl322x/drivers/i2c.c.obj
LOAD CMakeFiles/GPIO_Demo.dir/chip/tl322x/drivers/ir_learn.c.obj
LOAD CMakeFiles/GPIO_Demo.dir/chip/tl322x/drivers/keyscan.c.obj
LOAD CMakeFiles/GPIO_Demo.dir/chip/tl322x/drivers/keyscan_ana.c.obj
LOAD CMakeFiles/GPIO_Demo.dir/chip/tl322x/drivers/lin.c.obj
LOAD CMakeFiles/GPIO_Demo.dir/chip/tl322x/drivers/lpc.c.obj
LOAD CMakeFiles/GPIO_Demo.dir/chip/tl322x/drivers/pem.c.obj
LOAD CMakeFiles/GPIO_Demo.dir/chip/tl322x/drivers/plmt.c.obj
LOAD CMakeFiles/GPIO_Demo.dir/chip/tl322x/drivers/pwm.c.obj
LOAD CMakeFiles/GPIO_Demo.dir/chip/tl322x/drivers/qdec.c.obj
LOAD CMakeFiles/GPIO_Demo.dir/chip/tl322x/drivers/sd_adc.c.obj
LOAD CMakeFiles/GPIO_Demo.dir/chip/tl322x/drivers/spi.c.obj
LOAD CMakeFiles/GPIO_Demo.dir/chip/tl322x/drivers/timer.c.obj
LOAD CMakeFiles/GPIO_Demo.dir/chip/tl322x/drivers/timer_bb.c.obj
LOAD CMakeFiles/GPIO_Demo.dir/chip/tl322x/drivers/uart.c.obj
LOAD CMakeFiles/GPIO_Demo.dir/chip/tl322x/drivers/usb0hw.c.obj
LOAD CMakeFiles/GPIO_Demo.dir/chip/tl322x/drivers/usb1hw.c.obj
LOAD CMakeFiles/GPIO_Demo.dir/chip/tl322x/drivers/watchdog.c.obj
LOAD CMakeFiles/GPIO_Demo.dir/common/bt_debug/dbgport.c.obj
LOAD CMakeFiles/GPIO_Demo.dir/common/sdk_version.c.obj
LOAD CMakeFiles/GPIO_Demo.dir/common/usb_dbg/myudb_usb.c.obj
LOAD CMakeFiles/GPIO_Demo.dir/common/usb_dbg/myudb_usbdesc.c.obj
LOAD CMakeFiles/GPIO_Demo.dir/demo/vendor/GPIO_Demo/app.c.obj
LOAD CMakeFiles/GPIO_Demo.dir/demo/vendor/GPIO_Demo/app_autotest.c.obj
LOAD CMakeFiles/GPIO_Demo.dir/demo/vendor/GPIO_Demo/main.c.obj
LOAD CMakeFiles/GPIO_Demo.dir/demo/vendor/common/common/auto_test/pc_interface.c.obj
LOAD CMakeFiles/GPIO_Demo.dir/demo/vendor/common/common/common.c.obj
LOAD CMakeFiles/GPIO_Demo.dir/demo/vendor/common/common/hal_driver/adc/tl_hal_adc.c.obj
LOAD CMakeFiles/GPIO_Demo.dir/demo/vendor/common/common/hal_driver/flash/hal_flash.c.obj
LOAD CMakeFiles/GPIO_Demo.dir/demo/vendor/common/common/printf.c.obj
LOAD /cygdrive/c/Git/led-demo-tlsr8258/./chip/tl322x/drivers/lib/libdriver_d25f.a
LOAD /cygdrive/c/TelinkIoTStudio/RDS/V5.3.x/toolchains/nds32le-elf-mculib-v5f/bin/../lib/gcc/riscv32-elf/12.2.0/libgcc.a
START GROUP
LOAD /cygdrive/c/TelinkIoTStudio/RDS/V5.3.x/toolchains/nds32le-elf-mculib-v5f/bin/../lib/gcc/riscv32-elf/12.2.0/../../../../riscv32-elf/lib/libc.a
LOAD /cygdrive/c/TelinkIoTStudio/RDS/V5.3.x/toolchains/nds32le-elf-mculib-v5f/bin/../lib/gcc/riscv32-elf/12.2.0/../../../../riscv32-elf/lib/libgloss.a
END GROUP
LOAD /cygdrive/c/TelinkIoTStudio/RDS/V5.3.x/toolchains/nds32le-elf-mculib-v5f/bin/../lib/gcc/riscv32-elf/12.2.0/libgcc.a
                0x20000000                NDS_SAG_LMA_FLASH = 0x20000000
                0x20000000                . = 0x20000000
                0x20000000                PROVIDE (BIN_BEGIN = .)

.vectors        0x20000000        0x0
 *(.vectors)
                0x00000000                . = 0x0

.retention_reset
                0x00000000        0x0 load address 0x20000000
 *(.retention_reset)
                [!provide]                        PROVIDE (_RETENTION_RESET_VMA_START = ADDR (.retention_reset))
                [!provide]                        PROVIDE (_RETENTION_RESET_LMA_START = LOADADDR (.retention_reset))
                [!provide]                        PROVIDE (_RETENTION_RESET_VMA_END = .)

.retention_data
                0x00000000        0x1 load address 0x20000000
 *(.retention_data)
 .retention_data
                0x00000000        0x1 /cygdrive/c/Users/874332/AppData/Local/Temp/ccz7UkPl.ltrans0.ltrans.o
                [!provide]                        PROVIDE (_RETENTION_DATA_VMA_START = ADDR (.retention_data))
                [!provide]                        PROVIDE (_RETENTION_DATA_LMA_START = LOADADDR (.retention_data))
                [!provide]                        PROVIDE (_RETENTION_DATA_VMA_END = .)

.ram_code       0x00000004      0x37e load address 0x20000004
 *(.ram_code)
 .ram_code      0x00000004      0x37e /cygdrive/c/Users/874332/AppData/Local/Temp/ccz7UkPl.ltrans0.ltrans.o
 *libgcc.a:save-restore.o()
 *(.exec.itable)
                0x00000382                PROVIDE (_RAMCODE_VMA_END = .)
                [!provide]                        PROVIDE (_RAMCODE_VMA_START = ADDR (.ram_code))
                [!provide]                        PROVIDE (_RAMCODE_LMA_START = LOADADDR (.ram_code))
                [!provide]                        PROVIDE (_RAMCODE_SIZE = SIZEOF (.ram_code))
                0x20000388                . = ALIGN ((LOADADDR (.ram_code) + SIZEOF (.ram_code)), 0x8)

.text           0x20000388       0x10
 *(.text .stub .text.* .gnu.linkonce.t.*)
 .text          0x20000388       0x10 /cygdrive/c/Users/874332/AppData/Local/Temp/ccz7UkPl.ltrans0.ltrans.o
 *(.text.*personality*)
 *(.gnu.warning)

.rodata         0x20000398        0x0
 *(.rodata .rodata.* .gnu.linkonce.r.*)
 *(.srodata.cst16)
 *(.srodata.cst8)
 *(.srodata.cst4)
 *(.srodata.cst2)
 *(.srodata .srodata.*)

.eh_frame_hdr   0x20000398        0x0
 *(.eh_frame_hdr)
                0x200003a0                . = ALIGN (0x20)

.eh_frame       0x200003a0        0x0
 *(.eh_frame)
                0x00000000                PROVIDE (_ILM_USE_START = ADDR (.retention_reset))
                0x00000382                PROVIDE (_ILM_USE_END = _RAMCODE_VMA_END)
                0x00000382                PROVIDE (_ILM_USE_SIZE = (_ILM_USE_END - _ILM_USE_START))
                0x00080000                . = 0x80000
                [!provide]                        PROVIDE (__global_pointer$ = (. + 0x800))

.rf_certification_cfg
                0x00080000        0x0 load address 0x200003a0
 *(.rf_certification_cfg)
                [!provide]                        PROVIDE (_RF_CERTIFICATION_CFG_ADDR_OFFSET = (LOADADDR (.rf_certification_cfg) - BIN_BEGIN))

.data           0x00080000        0x1 load address 0x200003a0
 *(.data .data.* .gnu.linkonce.d.*)
 *(.gnu.linkonce.d.*personality*)
 *(.sdata .sdata.* .gnu.linkonce.s.*)
 .sdata.init_flag.0
                0x00080000        0x1 /cygdrive/c/Users/874332/AppData/Local/Temp/ccz7UkPl.ltrans0.ltrans.o
 *(.sdata2 .sdata2.* .gnu.linkonce.s.*)
                [!provide]                        PROVIDE (_DATA_VMA_END = .)
                [!provide]                        PROVIDE (_DATA_VMA_START = ADDR (.data))
                [!provide]                        PROVIDE (_DATA_LMA_START = LOADADDR (.data))
                0x00080008                . = ALIGN (0x8)
                [!provide]                        PROVIDE (_BSS_VMA_START = .)

.sbss
 *(.dynsbss)
 *(.sbss .sbss.* .gnu.linkonce.sb.*)
 *(.scommon .scommon.*)

.bss            0x00080008        0x0
 *(.dynbss)
 *(.bss .bss.* .gnu.linkonce.b.*)
 *(COMMON)
                0x00080008                . = ALIGN (0x8)
                0x00080008                PROVIDE (_BSS_VMA_END = (((. + 0x3) / 0x4) * 0x4))

.sdk_version    0x00080008       0x26 load address 0x200003a1
 *(.sdk_version)
 .sdk_version   0x00080008       0x26 /cygdrive/c/Users/874332/AppData/Local/Temp/ccz7UkPl.ltrans0.ltrans.o
                0x000003c7                PROVIDE (BIN_SIZE = ((LOADADDR (.sdk_version) + SIZEOF (.sdk_version)) - BIN_BEGIN))
                0x00080030                . = ALIGN (0x8)
                0x00080030                _end = .
                [!provide]                        PROVIDE (end = .)
                0x100080000                PROVIDE (_STACK_TOP = (0x80000 + (0x8000 * __D25F_DRAM_SIZE)))
                0x00100000                PROVIDE (FLASH_SIZE = 0x100000)
                0x00080008                PROVIDE (_DLM_USE_SIZE = _BSS_VMA_END)
                0x00000001                ASSERT ((BIN_SIZE <= FLASH_SIZE), BIN FILE OVERFLOW)
                0x00000001                ASSERT ((_ILM_USE_SIZE <= (0x8000 * __D25F_IRAM_SIZE)), IRAM OVERFLOW)
                0x00000001                ASSERT ((_DLM_USE_SIZE <= (_STACK_TOP - 0x258)), DRAM OVERFLOW)
OUTPUT(GPIO_Demo elf32-littleriscv)

.debug_info     0x00000000     0xa3b7
 .debug_info    0x00000000      0x686 /cygdrive/c/Users/874332/AppData/Local/Temp/ccz7UkPl.ltrans0.ltrans.o
 .debug_info    0x00000686     0x1c6f /cygdrive/c/Users/874332/AppData/Local/Temp/ccecDSuR.debug.temp.o
                0x00000686                adc.c.d9c38c29
 .debug_info    0x000022f5      0x13e /cygdrive/c/Users/874332/AppData/Local/Temp/cczFVOF3.debug.temp.o
                0x000022f5                error_handler.c.555c7e6a
 .debug_info    0x00002433     0x121c /cygdrive/c/Users/874332/AppData/Local/Temp/ccoNMTI4.debug.temp.o
                0x00002433                gpio.c.6be810e9
 .debug_info    0x0000364f     0x26e8 /cygdrive/c/Users/874332/AppData/Local/Temp/cci7fBdQ.debug.temp.o
                0x0000364f                i2c.c.f7555b25
 .debug_info    0x00005d37     0x1315 /cygdrive/c/Users/874332/AppData/Local/Temp/ccPHXDon.debug.temp.o
                0x00005d37                keyscan.c.dc937d60
 .debug_info    0x0000704c      0x1f0 /cygdrive/c/Users/874332/AppData/Local/Temp/ccdmLA8T.debug.temp.o
                0x0000704c                plmt.c.6a0e04bd
 .debug_info    0x0000723c     0x113b /cygdrive/c/Users/874332/AppData/Local/Temp/ccbWdDlb.debug.temp.o
                0x0000723c                sd_adc.c.01abfdea
 .debug_info    0x00008377       0x56 /cygdrive/c/Users/874332/AppData/Local/Temp/cc2LqrxT.debug.temp.o
                0x00008377                sdk_version.c.6efc5fa1
 .debug_info    0x000083cd     0x13b7 /cygdrive/c/Users/874332/AppData/Local/Temp/cc9zM76y.debug.temp.o
                0x000083cd                app.c.40507240
 .debug_info    0x00009784      0x769 /cygdrive/c/Users/874332/AppData/Local/Temp/ccbtqcJ0.debug.temp.o
                0x00009784                pc_interface.c.8a58ae85
 .debug_info    0x00009eed      0x4ca /cygdrive/c/Users/874332/AppData/Local/Temp/ccYPR850.debug.temp.o
                0x00009eed                printf.c.0da4a137

.debug_abbrev   0x00000000     0x1443
 .debug_abbrev  0x00000000      0x1f2 /cygdrive/c/Users/874332/AppData/Local/Temp/ccz7UkPl.ltrans0.ltrans.o
 .debug_abbrev  0x000001f2      0x291 /cygdrive/c/Users/874332/AppData/Local/Temp/ccecDSuR.debug.temp.o
 .debug_abbrev  0x00000483       0xcd /cygdrive/c/Users/874332/AppData/Local/Temp/cczFVOF3.debug.temp.o
 .debug_abbrev  0x00000550      0x1be /cygdrive/c/Users/874332/AppData/Local/Temp/ccoNMTI4.debug.temp.o
 .debug_abbrev  0x0000070e      0x2d2 /cygdrive/c/Users/874332/AppData/Local/Temp/cci7fBdQ.debug.temp.o
 .debug_abbrev  0x000009e0      0x212 /cygdrive/c/Users/874332/AppData/Local/Temp/ccPHXDon.debug.temp.o
 .debug_abbrev  0x00000bf2       0xe2 /cygdrive/c/Users/874332/AppData/Local/Temp/ccdmLA8T.debug.temp.o
 .debug_abbrev  0x00000cd4      0x265 /cygdrive/c/Users/874332/AppData/Local/Temp/ccbWdDlb.debug.temp.o
 .debug_abbrev  0x00000f39       0x48 /cygdrive/c/Users/874332/AppData/Local/Temp/cc2LqrxT.debug.temp.o
 .debug_abbrev  0x00000f81      0x18f /cygdrive/c/Users/874332/AppData/Local/Temp/cc9zM76y.debug.temp.o
 .debug_abbrev  0x00001110      0x1ba /cygdrive/c/Users/874332/AppData/Local/Temp/ccbtqcJ0.debug.temp.o
 .debug_abbrev  0x000012ca      0x179 /cygdrive/c/Users/874332/AppData/Local/Temp/ccYPR850.debug.temp.o

.debug_loc      0x00000000      0x392
 .debug_loc     0x00000000      0x392 /cygdrive/c/Users/874332/AppData/Local/Temp/ccz7UkPl.ltrans0.ltrans.o

.debug_aranges  0x00000000       0x70
 .debug_aranges
                0x00000000       0x70 /cygdrive/c/Users/874332/AppData/Local/Temp/ccz7UkPl.ltrans0.ltrans.o

.debug_ranges   0x00000000      0x1c0
 .debug_ranges  0x00000000      0x1c0 /cygdrive/c/Users/874332/AppData/Local/Temp/ccz7UkPl.ltrans0.ltrans.o

.debug_line     0x00000000     0x5351
 .debug_line    0x00000000      0xb6f /cygdrive/c/Users/874332/AppData/Local/Temp/ccz7UkPl.ltrans0.ltrans.o
 .debug_line    0x00000b6f      0x498 /cygdrive/c/Users/874332/AppData/Local/Temp/ccecDSuR.debug.temp.o
 .debug_line    0x00001007      0x377 /cygdrive/c/Users/874332/AppData/Local/Temp/cczFVOF3.debug.temp.o
 .debug_line    0x0000137e      0x467 /cygdrive/c/Users/874332/AppData/Local/Temp/ccoNMTI4.debug.temp.o
 .debug_line    0x000017e5      0x46f /cygdrive/c/Users/874332/AppData/Local/Temp/cci7fBdQ.debug.temp.o
 .debug_line    0x00001c54      0x477 /cygdrive/c/Users/874332/AppData/Local/Temp/ccPHXDon.debug.temp.o
 .debug_line    0x000020cb      0x3e8 /cygdrive/c/Users/874332/AppData/Local/Temp/ccdmLA8T.debug.temp.o
 .debug_line    0x000024b3      0x6d2 /cygdrive/c/Users/874332/AppData/Local/Temp/ccbWdDlb.debug.temp.o
 .debug_line    0x00002b85       0x69 /cygdrive/c/Users/874332/AppData/Local/Temp/cc2LqrxT.debug.temp.o
 .debug_line    0x00002bee     0x10ee /cygdrive/c/Users/874332/AppData/Local/Temp/cc9zM76y.debug.temp.o
 .debug_line    0x00003cdc      0xf5b /cygdrive/c/Users/874332/AppData/Local/Temp/ccbtqcJ0.debug.temp.o
 .debug_line    0x00004c37      0x71a /cygdrive/c/Users/874332/AppData/Local/Temp/ccYPR850.debug.temp.o

.debug_str      0x00000000    0x35505
 .debug_str     0x00000000      0x2da /cygdrive/c/Users/874332/AppData/Local/Temp/ccz7UkPl.ltrans0.ltrans.o
                                        0x305 (size before relaxing)
 .debug_str     0x000002da    0x21c65 /cygdrive/c/Users/874332/AppData/Local/Temp/ccecDSuR.debug.temp.o
                                      0x22046 (size before relaxing)
 .debug_str     0x00021f3f      0x1c9 /cygdrive/c/Users/874332/AppData/Local/Temp/cczFVOF3.debug.temp.o
                                      0x1f5d1 (size before relaxing)
 .debug_str     0x00022108      0xe91 /cygdrive/c/Users/874332/AppData/Local/Temp/ccoNMTI4.debug.temp.o
                                      0x216c1 (size before relaxing)
 .debug_str     0x00022f99     0x2b34 /cygdrive/c/Users/874332/AppData/Local/Temp/cci7fBdQ.debug.temp.o
                                      0x23fef (size before relaxing)
 .debug_str     0x00025acd      0x521 /cygdrive/c/Users/874332/AppData/Local/Temp/ccPHXDon.debug.temp.o
                                      0x21a37 (size before relaxing)
 .debug_str     0x00025fee      0x18d /cygdrive/c/Users/874332/AppData/Local/Temp/ccdmLA8T.debug.temp.o
                                      0x1facc (size before relaxing)
 .debug_str     0x0002617b     0x5c29 /cygdrive/c/Users/874332/AppData/Local/Temp/ccbWdDlb.debug.temp.o
                                      0x26a7d (size before relaxing)
 .debug_str     0x0002bda4       0xc9 /cygdrive/c/Users/874332/AppData/Local/Temp/cc2LqrxT.debug.temp.o
                                       0x2c92 (size before relaxing)
 .debug_str     0x0002be6d     0x92d5 /cygdrive/c/Users/874332/AppData/Local/Temp/cc9zM76y.debug.temp.o
                                      0x30831 (size before relaxing)
 .debug_str     0x00035142      0x2d5 /cygdrive/c/Users/874332/AppData/Local/Temp/ccbtqcJ0.debug.temp.o
                                      0x2e25d (size before relaxing)
 .debug_str     0x00035417       0xee /cygdrive/c/Users/874332/AppData/Local/Temp/ccYPR850.debug.temp.o
                                      0x259bf (size before relaxing)

.comment        0x00000000       0x3a
 .comment       0x00000000       0x3a /cygdrive/c/Users/874332/AppData/Local/Temp/ccz7UkPl.ltrans0.ltrans.o
                                         0x3b (size before relaxing)

.riscv.attributes
                0x00000000       0x40
 .riscv.attributes
                0x00000000       0x40 /cygdrive/c/Users/874332/AppData/Local/Temp/ccz7UkPl.ltrans0.ltrans.o

.debug_frame    0x00000000      0x184
 .debug_frame   0x00000000      0x184 /cygdrive/c/Users/874332/AppData/Local/Temp/ccz7UkPl.ltrans0.ltrans.o

.debug_macro    0x00000000     0x7e4a
 .debug_macro   0x00000000      0x252 /cygdrive/c/Users/874332/AppData/Local/Temp/ccecDSuR.debug.temp.o
 .debug_macro   0x00000252      0x87a /cygdrive/c/Users/874332/AppData/Local/Temp/ccecDSuR.debug.temp.o
 .debug_macro   0x00000acc       0x52 /cygdrive/c/Users/874332/AppData/Local/Temp/ccecDSuR.debug.temp.o
 .debug_macro   0x00000b1e       0xb8 /cygdrive/c/Users/874332/AppData/Local/Temp/ccecDSuR.debug.temp.o
 .debug_macro   0x00000bd6      0x240 /cygdrive/c/Users/874332/AppData/Local/Temp/ccecDSuR.debug.temp.o
 .debug_macro   0x00000e16      0x890 /cygdrive/c/Users/874332/AppData/Local/Temp/ccecDSuR.debug.temp.o
 .debug_macro   0x000016a6       0x4c /cygdrive/c/Users/874332/AppData/Local/Temp/ccecDSuR.debug.temp.o
 .debug_macro   0x000016f2      0x20e /cygdrive/c/Users/874332/AppData/Local/Temp/ccecDSuR.debug.temp.o
 .debug_macro   0x00001900       0xa8 /cygdrive/c/Users/874332/AppData/Local/Temp/ccecDSuR.debug.temp.o
 .debug_macro   0x000019a8       0x7e /cygdrive/c/Users/874332/AppData/Local/Temp/ccecDSuR.debug.temp.o
 .debug_macro   0x00001a26      0x159 /cygdrive/c/Users/874332/AppData/Local/Temp/ccecDSuR.debug.temp.o
 .debug_macro   0x00001b7f      0x381 /cygdrive/c/Users/874332/AppData/Local/Temp/ccecDSuR.debug.temp.o
 .debug_macro   0x00001f00       0xc5 /cygdrive/c/Users/874332/AppData/Local/Temp/ccecDSuR.debug.temp.o
 .debug_macro   0x00001fc5      0x1ec /cygdrive/c/Users/874332/AppData/Local/Temp/ccecDSuR.debug.temp.o
 .debug_macro   0x000021b1      0x15f /cygdrive/c/Users/874332/AppData/Local/Temp/ccecDSuR.debug.temp.o
 .debug_macro   0x00002310       0xd4 /cygdrive/c/Users/874332/AppData/Local/Temp/ccecDSuR.debug.temp.o
 .debug_macro   0x000023e4      0x1e8 /cygdrive/c/Users/874332/AppData/Local/Temp/ccecDSuR.debug.temp.o
 .debug_macro   0x000025cc      0xc1a /cygdrive/c/Users/874332/AppData/Local/Temp/ccecDSuR.debug.temp.o
 .debug_macro   0x000031e6       0x10 /cygdrive/c/Users/874332/AppData/Local/Temp/ccecDSuR.debug.temp.o
 .debug_macro   0x000031f6       0x3a /cygdrive/c/Users/874332/AppData/Local/Temp/ccecDSuR.debug.temp.o
 .debug_macro   0x00003230       0x1c /cygdrive/c/Users/874332/AppData/Local/Temp/ccecDSuR.debug.temp.o
 .debug_macro   0x0000324c       0x34 /cygdrive/c/Users/874332/AppData/Local/Temp/ccecDSuR.debug.temp.o
 .debug_macro   0x00003280       0x88 /cygdrive/c/Users/874332/AppData/Local/Temp/ccecDSuR.debug.temp.o
 .debug_macro   0x00003308       0x7d /cygdrive/c/Users/874332/AppData/Local/Temp/ccecDSuR.debug.temp.o
 .debug_macro   0x00003385      0x105 /cygdrive/c/Users/874332/AppData/Local/Temp/ccecDSuR.debug.temp.o
 .debug_macro   0x0000348a       0x28 /cygdrive/c/Users/874332/AppData/Local/Temp/ccecDSuR.debug.temp.o
 .debug_macro   0x000034b2       0x46 /cygdrive/c/Users/874332/AppData/Local/Temp/ccecDSuR.debug.temp.o
 .debug_macro   0x000034f8       0xcc /cygdrive/c/Users/874332/AppData/Local/Temp/ccecDSuR.debug.temp.o
 .debug_macro   0x000035c4       0x46 /cygdrive/c/Users/874332/AppData/Local/Temp/ccecDSuR.debug.temp.o
 .debug_macro   0x0000360a       0x46 /cygdrive/c/Users/874332/AppData/Local/Temp/ccecDSuR.debug.temp.o
 .debug_macro   0x00003650       0x34 /cygdrive/c/Users/874332/AppData/Local/Temp/ccecDSuR.debug.temp.o
 .debug_macro   0x00003684       0x7c /cygdrive/c/Users/874332/AppData/Local/Temp/ccecDSuR.debug.temp.o
 .debug_macro   0x00003700       0x64 /cygdrive/c/Users/874332/AppData/Local/Temp/ccecDSuR.debug.temp.o
 .debug_macro   0x00003764      0x158 /cygdrive/c/Users/874332/AppData/Local/Temp/ccecDSuR.debug.temp.o
 .debug_macro   0x000038bc      0x136 /cygdrive/c/Users/874332/AppData/Local/Temp/ccecDSuR.debug.temp.o
 .debug_macro   0x000039f2       0x16 /cygdrive/c/Users/874332/AppData/Local/Temp/ccecDSuR.debug.temp.o
 .debug_macro   0x00003a08       0xad /cygdrive/c/Users/874332/AppData/Local/Temp/ccecDSuR.debug.temp.o
 .debug_macro   0x00003ab5      0x3d2 /cygdrive/c/Users/874332/AppData/Local/Temp/ccecDSuR.debug.temp.o
 .debug_macro   0x00003e87       0x4c /cygdrive/c/Users/874332/AppData/Local/Temp/ccecDSuR.debug.temp.o
 .debug_macro   0x00003ed3       0x22 /cygdrive/c/Users/874332/AppData/Local/Temp/ccecDSuR.debug.temp.o
 .debug_macro   0x00003ef5       0x4c /cygdrive/c/Users/874332/AppData/Local/Temp/ccecDSuR.debug.temp.o
 .debug_macro   0x00003f41       0x58 /cygdrive/c/Users/874332/AppData/Local/Temp/ccecDSuR.debug.temp.o
 .debug_macro   0x00003f99       0x60 /cygdrive/c/Users/874332/AppData/Local/Temp/ccecDSuR.debug.temp.o
 .debug_macro   0x00003ff9       0x12 /cygdrive/c/Users/874332/AppData/Local/Temp/ccecDSuR.debug.temp.o
 .debug_macro   0x0000400b      0x1d8 /cygdrive/c/Users/874332/AppData/Local/Temp/ccecDSuR.debug.temp.o
 .debug_macro   0x000041e3      0x19e /cygdrive/c/Users/874332/AppData/Local/Temp/cczFVOF3.debug.temp.o
 .debug_macro   0x00004381      0x204 /cygdrive/c/Users/874332/AppData/Local/Temp/ccoNMTI4.debug.temp.o
 .debug_macro   0x00004585      0x231 /cygdrive/c/Users/874332/AppData/Local/Temp/cci7fBdQ.debug.temp.o
 .debug_macro   0x000047b6      0x21c /cygdrive/c/Users/874332/AppData/Local/Temp/ccPHXDon.debug.temp.o
 .debug_macro   0x000049d2      0x1c8 /cygdrive/c/Users/874332/AppData/Local/Temp/ccdmLA8T.debug.temp.o
 .debug_macro   0x00004b9a      0x35a /cygdrive/c/Users/874332/AppData/Local/Temp/ccbWdDlb.debug.temp.o
 .debug_macro   0x00004ef4       0x16 /cygdrive/c/Users/874332/AppData/Local/Temp/ccbWdDlb.debug.temp.o
 .debug_macro   0x00004f0a       0x9e /cygdrive/c/Users/874332/AppData/Local/Temp/ccbWdDlb.debug.temp.o
 .debug_macro   0x00004fa8      0x104 /cygdrive/c/Users/874332/AppData/Local/Temp/ccbWdDlb.debug.temp.o
 .debug_macro   0x000050ac       0x58 /cygdrive/c/Users/874332/AppData/Local/Temp/ccbWdDlb.debug.temp.o
 .debug_macro   0x00005104       0x16 /cygdrive/c/Users/874332/AppData/Local/Temp/ccbWdDlb.debug.temp.o
 .debug_macro   0x0000511a       0x43 /cygdrive/c/Users/874332/AppData/Local/Temp/ccbWdDlb.debug.temp.o
 .debug_macro   0x0000515d       0x35 /cygdrive/c/Users/874332/AppData/Local/Temp/ccbWdDlb.debug.temp.o
 .debug_macro   0x00005192       0x10 /cygdrive/c/Users/874332/AppData/Local/Temp/ccbWdDlb.debug.temp.o
 .debug_macro   0x000051a2      0x257 /cygdrive/c/Users/874332/AppData/Local/Temp/ccbWdDlb.debug.temp.o
 .debug_macro   0x000053f9       0x58 /cygdrive/c/Users/874332/AppData/Local/Temp/ccbWdDlb.debug.temp.o
 .debug_macro   0x00005451       0x5e /cygdrive/c/Users/874332/AppData/Local/Temp/ccbWdDlb.debug.temp.o
 .debug_macro   0x000054af       0x10 /cygdrive/c/Users/874332/AppData/Local/Temp/ccbWdDlb.debug.temp.o
 .debug_macro   0x000054bf       0x6a /cygdrive/c/Users/874332/AppData/Local/Temp/ccbWdDlb.debug.temp.o
 .debug_macro   0x00005529       0xb9 /cygdrive/c/Users/874332/AppData/Local/Temp/ccbWdDlb.debug.temp.o
 .debug_macro   0x000055e2      0x103 /cygdrive/c/Users/874332/AppData/Local/Temp/ccbWdDlb.debug.temp.o
 .debug_macro   0x000056e5      0x1df /cygdrive/c/Users/874332/AppData/Local/Temp/ccbWdDlb.debug.temp.o
 .debug_macro   0x000058c4       0x12 /cygdrive/c/Users/874332/AppData/Local/Temp/ccbWdDlb.debug.temp.o
 .debug_macro   0x000058d6       0x16 /cygdrive/c/Users/874332/AppData/Local/Temp/ccbWdDlb.debug.temp.o
 .debug_macro   0x000058ec      0x13b /cygdrive/c/Users/874332/AppData/Local/Temp/ccbWdDlb.debug.temp.o
 .debug_macro   0x00005a27       0x1a /cygdrive/c/Users/874332/AppData/Local/Temp/cc2LqrxT.debug.temp.o
 .debug_macro   0x00005a41       0x10 /cygdrive/c/Users/874332/AppData/Local/Temp/cc2LqrxT.debug.temp.o
 .debug_macro   0x00005a51      0x87a /cygdrive/c/Users/874332/AppData/Local/Temp/cc9zM76y.debug.temp.o
 .debug_macro   0x000062cb       0x10 /cygdrive/c/Users/874332/AppData/Local/Temp/cc9zM76y.debug.temp.o
 .debug_macro   0x000062db       0x74 /cygdrive/c/Users/874332/AppData/Local/Temp/cc9zM76y.debug.temp.o
 .debug_macro   0x0000634f      0xc8c /cygdrive/c/Users/874332/AppData/Local/Temp/cc9zM76y.debug.temp.o
 .debug_macro   0x00006fdb       0x46 /cygdrive/c/Users/874332/AppData/Local/Temp/cc9zM76y.debug.temp.o
 .debug_macro   0x00007021      0x1bb /cygdrive/c/Users/874332/AppData/Local/Temp/cc9zM76y.debug.temp.o
 .debug_macro   0x000071dc       0x6a /cygdrive/c/Users/874332/AppData/Local/Temp/cc9zM76y.debug.temp.o
 .debug_macro   0x00007246       0x10 /cygdrive/c/Users/874332/AppData/Local/Temp/cc9zM76y.debug.temp.o
 .debug_macro   0x00007256      0x82e /cygdrive/c/Users/874332/AppData/Local/Temp/ccbtqcJ0.debug.temp.o
 .debug_macro   0x00007a84       0x64 /cygdrive/c/Users/874332/AppData/Local/Temp/ccbtqcJ0.debug.temp.o
 .debug_macro   0x00007ae8      0x362 /cygdrive/c/Users/874332/AppData/Local/Temp/ccYPR850.debug.temp.o
