The target system is: Generic -  - riscv32
The host system is: CYGWIN - 3.2.0(0.340/5/3) - x86_64
Checking whether the ASM compiler is GNU using "--version" matched "(GNU assembler)|(GCC)|(Free Software Foundation)":
riscv32-elf-gcc.gnu (2024-06-05_nds32le-elf-mculib-v5f-5955e9b13) 12.2.0
Copyright (C) 2022 Free Software Foundation, Inc.
This is free software; see the source for copying conditions.  There is NO
warranty; not even for MERCHANTABILITY or FITNESS FOR A PARTICULAR PURPOSE.

Compiling the C compiler identification source file "CMakeCCompilerId.c" succeeded.
Compiler: C:/TelinkIoTStudio/RDS/V5.3.x/toolchains/nds32le-elf-mculib-v5f/bin/riscv32-elf-gcc 
Build flags: 
Id flags:  

The output was:
0


Compilation of the C compiler identification source "CMakeCCompilerId.c" produced "a.out"

The C compiler identification is GNU, found in "/cygdrive/c/Git/led-demo-tlsr8258/build/CMakeFiles/3.20.0/CompilerIdC/a.out"

Detecting C compiler ABI info compiled with the following output:
Change Dir: /cygdrive/c/Git/led-demo-tlsr8258/build/CMakeFiles/CMakeTmp

Run Build Command(s):/usr/bin/make.exe -f Makefile cmTC_24cf5/fast && /usr/bin/make  -f CMakeFiles/cmTC_24cf5.dir/build.make CMakeFiles/cmTC_24cf5.dir/build
make[1]: Entering directory '/cygdrive/c/Git/led-demo-tlsr8258/build/CMakeFiles/CMakeTmp'
Building C object CMakeFiles/cmTC_24cf5.dir/CMakeCCompilerABI.c.obj
C:/TelinkIoTStudio/RDS/V5.3.x/toolchains/nds32le-elf-mculib-v5f/bin/riscv32-elf-gcc   -v -o CMakeFiles/cmTC_24cf5.dir/CMakeCCompilerABI.c.obj -c /usr/share/cmake-3.20.0/Modules/CMakeCCompilerABI.c
"/cygdrive/c/TelinkIoTStudio/RDS/V5.3.x/toolchains/nds32le-elf-mculib-v5f/bin/riscv32-elf-gcc.gnu" "-fno-math-errno" "-v" "-o" "CMakeFiles/cmTC_24cf5.dir/CMakeCCompilerABI.c.obj" "-c" "/usr/share/cmake-3.20.0/Modules/CMakeCCompilerABI.c" 
Using built-in specs.
COLLECT_GCC=/cygdrive/c/TelinkIoTStudio/RDS/V5.3.x/toolchains/nds32le-elf-mculib-v5f/bin/riscv32-elf-gcc.gnu
Target: riscv32-elf
Configured with: /home/sqa/Jenkins/workspace/build-system-3-ast531/source-packages/gcc-12.2.0-riscv-ast-v5_3_0-branch-official/configure --target=riscv32-elf --prefix=/home/sqa/Jenkins/workspace/build-system-3-ast531/toolchain/nds32le-elf-mculib-v5f --with-pkgversion=2024-06-05_nds32le-elf-mculib-v5f-5955e9b13 --disable-nls --enable-languages=c,c++ --enable-lto --with-gmp=/home/sqa/Jenkins/workspace/build-system-3-ast531/host-tools --with-mpfr=/home/sqa/Jenkins/workspace/build-system-3-ast531/host-tools --with-mpc=/home/sqa/Jenkins/workspace/build-system-3-ast531/host-tools --with-isl=/home/sqa/Jenkins/workspace/build-system-3-ast531/host-tools --with-cloog=/home/sqa/Jenkins/workspace/build-system-3-ast531/host-tools --without-zstd --with-arch=rv32imfcxandes --with-tune=andes-25-series --enable-Os-default-ex9=yes --enable-gp-insn-relax-default=yes --with-libc=mculib --with-abi=ilp32f --disable-libsanitizer --disable-werror --enable-multilib=yes --with-multilib-list=dsp,zc,andes45 --enable-tls --with-newlib --disable-libssp --disable-shared --enable-threads=single --with-headers=/home/sqa/Jenkins/workspace/build-system-3-ast531/toolchain/nds32le-elf-mculib-v5f/riscv32-elf/include CFLAGS='-O2 -g -Wno-implicit-fallthrough -Wno-int-in-bool-context -Wno-cast-function-type' CXXFLAGS='-O2 -g -Wno-implicit-fallthrough -Wno-int-in-bool-context -Wno-cast-function-type' CC=/home/sqa/Jenkins/workspace/build-system-3-ast531/host-tools/bin/gcc.exe CXX=/home/sqa/Jenkins/workspace/build-system-3-ast531/host-tools/bin/g++.exe LD=/home/sqa/Jenkins/workspace/build-system-3-ast531/host-tools/bin/ld.exe AR=/home/sqa/Jenkins/workspace/build-system-3-ast531/host-tools/bin/gcc-ar.exe RANLIB=/home/sqa/Jenkins/workspace/build-system-3-ast531/host-tools/bin/gcc-ranlib.exe NM=/home/sqa/Jenkins/workspace/build-system-3-ast531/host-tools/bin/nm.exe --enable-checking=release LDFLAGS=--static 'CFLAGS_FOR_TARGET=-O2 -g  -mstrict-align' 'CXXFLAGS_FOR_TARGET=-O2 -g  -mstrict-align' LDFLAGS_FOR_TARGET=
Thread model: single
Supported LTO compression algorithms: zlib
gcc version 12.2.0 (2024-06-05_nds32le-elf-mculib-v5f-5955e9b13) 
COLLECT_GCC_OPTIONS='-fno-math-errno' '-v' '-o' 'CMakeFiles/cmTC_24cf5.dir/CMakeCCompilerABI.c.obj' '-c' '-mtune=andes-25-series' '-march=rv32imfc_xandes' '-mabi=ilp32f' '-misa-spec=2.2' '-march=rv32i2p0_m2p0_f2p0_c2p0_xandes5p0' '-dumpdir' 'CMakeFiles/cmTC_24cf5.dir/'
 /cygdrive/c/TelinkIoTStudio/RDS/V5.3.x/toolchains/nds32le-elf-mculib-v5f/bin/../libexec/gcc/riscv32-elf/12.2.0/cc1.exe -quiet -v -imultilib . -iprefix /cygdrive/c/TelinkIoTStudio/RDS/V5.3.x/toolchains/nds32le-elf-mculib-v5f/bin/../lib/gcc/riscv32-elf/12.2.0/ /usr/share/cmake-3.20.0/Modules/CMakeCCompilerABI.c -quiet -dumpdir CMakeFiles/cmTC_24cf5.dir/ -dumpbase CMakeCCompilerABI.c.c -dumpbase-ext .c -mtune=andes-25-series -march=rv32imfc_xandes -mabi=ilp32f -misa-spec=2.2 -march=rv32i2p0_m2p0_f2p0_c2p0_xandes5p0 -version -fno-math-errno -o /cygdrive/c/Users/874332/AppData/Local/Temp/ccVoiVYR.s
GNU C17 (2024-06-05_nds32le-elf-mculib-v5f-5955e9b13) version 12.2.0 (riscv32-elf)
	compiled by GNU C version 12.2.0, GMP version 6.0.0, MPFR version 3.1.3, MPC version 1.0.2, isl version isl-0.15-GMP

GGC heuristics: --param ggc-min-expand=100 --param ggc-min-heapsize=131072
ignoring duplicate directory "/cygdrive/c/TelinkIoTStudio/RDS/V5.3.x/toolchains/nds32le-elf-mculib-v5f/bin/../lib/gcc/../../lib/gcc/riscv32-elf/12.2.0/include"
ignoring duplicate directory "/cygdrive/c/TelinkIoTStudio/RDS/V5.3.x/toolchains/nds32le-elf-mculib-v5f/bin/../lib/gcc/../../lib/gcc/riscv32-elf/12.2.0/include-fixed"
ignoring duplicate directory "/cygdrive/c/TelinkIoTStudio/RDS/V5.3.x/toolchains/nds32le-elf-mculib-v5f/bin/../lib/gcc/../../lib/gcc/riscv32-elf/12.2.0/../../../../riscv32-elf/sys-include"
ignoring duplicate directory "/cygdrive/c/TelinkIoTStudio/RDS/V5.3.x/toolchains/nds32le-elf-mculib-v5f/bin/../lib/gcc/../../lib/gcc/riscv32-elf/12.2.0/../../../../riscv32-elf/include"
#include "..." search starts here:
#include <...> search starts here:
 /cygdrive/c/TelinkIoTStudio/RDS/V5.3.x/toolchains/nds32le-elf-mculib-v5f/bin/../lib/gcc/riscv32-elf/12.2.0/include
 /cygdrive/c/TelinkIoTStudio/RDS/V5.3.x/toolchains/nds32le-elf-mculib-v5f/bin/../lib/gcc/riscv32-elf/12.2.0/include-fixed
 /cygdrive/c/TelinkIoTStudio/RDS/V5.3.x/toolchains/nds32le-elf-mculib-v5f/bin/../lib/gcc/riscv32-elf/12.2.0/../../../../riscv32-elf/sys-include
 /cygdrive/c/TelinkIoTStudio/RDS/V5.3.x/toolchains/nds32le-elf-mculib-v5f/bin/../lib/gcc/riscv32-elf/12.2.0/../../../../riscv32-elf/include
End of search list.
GNU C17 (2024-06-05_nds32le-elf-mculib-v5f-5955e9b13) version 12.2.0 (riscv32-elf)
	compiled by GNU C version 12.2.0, GMP version 6.0.0, MPFR version 3.1.3, MPC version 1.0.2, isl version isl-0.15-GMP

GGC heuristics: --param ggc-min-expand=100 --param ggc-min-heapsize=131072
Compiler executable checksum: 0fa6315521bf229d7929607e9da9edae
COLLECT_GCC_OPTIONS='-fno-math-errno' '-v' '-o' 'CMakeFiles/cmTC_24cf5.dir/CMakeCCompilerABI.c.obj' '-c' '-mtune=andes-25-series' '-march=rv32imfc_xandes' '-mabi=ilp32f' '-misa-spec=2.2' '-march=rv32i2p0_m2p0_f2p0_c2p0_xandes5p0' '-dumpdir' 'CMakeFiles/cmTC_24cf5.dir/'
 /cygdrive/c/TelinkIoTStudio/RDS/V5.3.x/toolchains/nds32le-elf-mculib-v5f/bin/../lib/gcc/riscv32-elf/12.2.0/../../../../riscv32-elf/bin/as.exe -v --traditional-format -march=rv32i2p0_m2p0_f2p0_c2p0_xandes5p0 -mabi=ilp32f -misa-spec=2.2 -Os -mno-b25057 -o CMakeFiles/cmTC_24cf5.dir/CMakeCCompilerABI.c.obj /cygdrive/c/Users/874332/AppData/Local/Temp/ccVoiVYR.s
GNU assembler version 2.38 (riscv32-elf) using BFD version (2024-06-05_nds32le-elf-mculib-v5f-bbf563af) 2.38.20220216
COMPILER_PATH=/cygdrive/c/TelinkIoTStudio/RDS/V5.3.x/toolchains/nds32le-elf-mculib-v5f/bin/../libexec/gcc/riscv32-elf/12.2.0/:/cygdrive/c/TelinkIoTStudio/RDS/V5.3.x/toolchains/nds32le-elf-mculib-v5f/bin/../libexec/gcc/:/cygdrive/c/TelinkIoTStudio/RDS/V5.3.x/toolchains/nds32le-elf-mculib-v5f/bin/../lib/gcc/riscv32-elf/12.2.0/../../../../riscv32-elf/bin/
LIBRARY_PATH=/cygdrive/c/TelinkIoTStudio/RDS/V5.3.x/toolchains/nds32le-elf-mculib-v5f/bin/../lib/gcc/riscv32-elf/12.2.0/:/cygdrive/c/TelinkIoTStudio/RDS/V5.3.x/toolchains/nds32le-elf-mculib-v5f/bin/../lib/gcc/:/cygdrive/c/TelinkIoTStudio/RDS/V5.3.x/toolchains/nds32le-elf-mculib-v5f/bin/../lib/gcc/riscv32-elf/12.2.0/../../../../riscv32-elf/lib/
COLLECT_GCC_OPTIONS='-fno-math-errno' '-v' '-o' 'CMakeFiles/cmTC_24cf5.dir/CMakeCCompilerABI.c.obj' '-c' '-mtune=andes-25-series' '-march=rv32imfc_xandes' '-mabi=ilp32f' '-misa-spec=2.2' '-march=rv32i2p0_m2p0_f2p0_c2p0_xandes5p0' '-dumpdir' 'CMakeFiles/cmTC_24cf5.dir/CMakeCCompilerABI.c.'
Linking C executable cmTC_24cf5
/usr/bin/cmake.exe -E cmake_link_script CMakeFiles/cmTC_24cf5.dir/link.txt --verbose=1
C:/TelinkIoTStudio/RDS/V5.3.x/toolchains/nds32le-elf-mculib-v5f/bin/riscv32-elf-gcc  -v CMakeFiles/cmTC_24cf5.dir/CMakeCCompilerABI.c.obj -o cmTC_24cf5 
"/cygdrive/c/TelinkIoTStudio/RDS/V5.3.x/toolchains/nds32le-elf-mculib-v5f/bin/riscv32-elf-gcc.gnu" "-fno-math-errno" "-v" "CMakeFiles/cmTC_24cf5.dir/CMakeCCompilerABI.c.obj" "-o" "cmTC_24cf5" 
Using built-in specs.
COLLECT_GCC=/cygdrive/c/TelinkIoTStudio/RDS/V5.3.x/toolchains/nds32le-elf-mculib-v5f/bin/riscv32-elf-gcc.gnu
COLLECT_LTO_WRAPPER=/cygdrive/c/TelinkIoTStudio/RDS/V5.3.x/toolchains/nds32le-elf-mculib-v5f/bin/../libexec/gcc/riscv32-elf/12.2.0/lto-wrapper.exe
Target: riscv32-elf
Configured with: /home/sqa/Jenkins/workspace/build-system-3-ast531/source-packages/gcc-12.2.0-riscv-ast-v5_3_0-branch-official/configure --target=riscv32-elf --prefix=/home/sqa/Jenkins/workspace/build-system-3-ast531/toolchain/nds32le-elf-mculib-v5f --with-pkgversion=2024-06-05_nds32le-elf-mculib-v5f-5955e9b13 --disable-nls --enable-languages=c,c++ --enable-lto --with-gmp=/home/sqa/Jenkins/workspace/build-system-3-ast531/host-tools --with-mpfr=/home/sqa/Jenkins/workspace/build-system-3-ast531/host-tools --with-mpc=/home/sqa/Jenkins/workspace/build-system-3-ast531/host-tools --with-isl=/home/sqa/Jenkins/workspace/build-system-3-ast531/host-tools --with-cloog=/home/sqa/Jenkins/workspace/build-system-3-ast531/host-tools --without-zstd --with-arch=rv32imfcxandes --with-tune=andes-25-series --enable-Os-default-ex9=yes --enable-gp-insn-relax-default=yes --with-libc=mculib --with-abi=ilp32f --disable-libsanitizer --disable-werror --enable-multilib=yes --with-multilib-list=dsp,zc,andes45 --enable-tls --with-newlib --disable-libssp --disable-shared --enable-threads=single --with-headers=/home/sqa/Jenkins/workspace/build-system-3-ast531/toolchain/nds32le-elf-mculib-v5f/riscv32-elf/include CFLAGS='-O2 -g -Wno-implicit-fallthrough -Wno-int-in-bool-context -Wno-cast-function-type' CXXFLAGS='-O2 -g -Wno-implicit-fallthrough -Wno-int-in-bool-context -Wno-cast-function-type' CC=/home/sqa/Jenkins/workspace/build-system-3-ast531/host-tools/bin/gcc.exe CXX=/home/sqa/Jenkins/workspace/build-system-3-ast531/host-tools/bin/g++.exe LD=/home/sqa/Jenkins/workspace/build-system-3-ast531/host-tools/bin/ld.exe AR=/home/sqa/Jenkins/workspace/build-system-3-ast531/host-tools/bin/gcc-ar.exe RANLIB=/home/sqa/Jenkins/workspace/build-system-3-ast531/host-tools/bin/gcc-ranlib.exe NM=/home/sqa/Jenkins/workspace/build-system-3-ast531/host-tools/bin/nm.exe --enable-checking=release LDFLAGS=--static 'CFLAGS_FOR_TARGET=-O2 -g  -mstrict-align' 'CXXFLAGS_FOR_TARGET=-O2 -g  -mstrict-align' LDFLAGS_FOR_TARGET=
Thread model: single
Supported LTO compression algorithms: zlib
gcc version 12.2.0 (2024-06-05_nds32le-elf-mculib-v5f-5955e9b13) 
COMPILER_PATH=/cygdrive/c/TelinkIoTStudio/RDS/V5.3.x/toolchains/nds32le-elf-mculib-v5f/bin/../libexec/gcc/riscv32-elf/12.2.0/:/cygdrive/c/TelinkIoTStudio/RDS/V5.3.x/toolchains/nds32le-elf-mculib-v5f/bin/../libexec/gcc/:/cygdrive/c/TelinkIoTStudio/RDS/V5.3.x/toolchains/nds32le-elf-mculib-v5f/bin/../lib/gcc/riscv32-elf/12.2.0/../../../../riscv32-elf/bin/
LIBRARY_PATH=/cygdrive/c/TelinkIoTStudio/RDS/V5.3.x/toolchains/nds32le-elf-mculib-v5f/bin/../lib/gcc/riscv32-elf/12.2.0/:/cygdrive/c/TelinkIoTStudio/RDS/V5.3.x/toolchains/nds32le-elf-mculib-v5f/bin/../lib/gcc/:/cygdrive/c/TelinkIoTStudio/RDS/V5.3.x/toolchains/nds32le-elf-mculib-v5f/bin/../lib/gcc/riscv32-elf/12.2.0/../../../../riscv32-elf/lib/
COLLECT_GCC_OPTIONS='-fno-math-errno' '-v' '-o' 'cmTC_24cf5' '-mtune=andes-25-series' '-march=rv32imfc_xandes' '-mabi=ilp32f' '-misa-spec=2.2' '-march=rv32i2p0_m2p0_f2p0_c2p0_xandes5p0' '-dumpdir' 'cmTC_24cf5.'
 /cygdrive/c/TelinkIoTStudio/RDS/V5.3.x/toolchains/nds32le-elf-mculib-v5f/bin/../libexec/gcc/riscv32-elf/12.2.0/collect2.exe -plugin /cygdrive/c/TelinkIoTStudio/RDS/V5.3.x/toolchains/nds32le-elf-mculib-v5f/bin/../libexec/gcc/riscv32-elf/12.2.0/cyglto_plugin.dll -plugin-opt=/cygdrive/c/TelinkIoTStudio/RDS/V5.3.x/toolchains/nds32le-elf-mculib-v5f/bin/../libexec/gcc/riscv32-elf/12.2.0/lto-wrapper.exe -plugin-opt=-fresolution=/cygdrive/c/Users/874332/AppData/Local/Temp/cc4lNdjC.res -plugin-opt=-pass-through=-lgcc -plugin-opt=-pass-through=-lc -plugin-opt=-pass-through=-lgloss -plugin-opt=-pass-through=-lgcc -melf32lriscv --mgp-insn-relax -o cmTC_24cf5 /cygdrive/c/TelinkIoTStudio/RDS/V5.3.x/toolchains/nds32le-elf-mculib-v5f/bin/../lib/gcc/riscv32-elf/12.2.0/../../../../riscv32-elf/lib/crt0.o -L/cygdrive/c/TelinkIoTStudio/RDS/V5.3.x/toolchains/nds32le-elf-mculib-v5f/bin/../lib/gcc/riscv32-elf/12.2.0 -L/cygdrive/c/TelinkIoTStudio/RDS/V5.3.x/toolchains/nds32le-elf-mculib-v5f/bin/../lib/gcc -L/cygdrive/c/TelinkIoTStudio/RDS/V5.3.x/toolchains/nds32le-elf-mculib-v5f/bin/../lib/gcc/riscv32-elf/12.2.0/../../../../riscv32-elf/lib CMakeFiles/cmTC_24cf5.dir/CMakeCCompilerABI.c.obj -lgcc --start-group -lc -lgloss --end-group -lgcc
COLLECT_GCC_OPTIONS='-fno-math-errno' '-v' '-o' 'cmTC_24cf5' '-mtune=andes-25-series' '-march=rv32imfc_xandes' '-mabi=ilp32f' '-misa-spec=2.2' '-march=rv32i2p0_m2p0_f2p0_c2p0_xandes5p0' '-dumpdir' 'cmTC_24cf5.'
make[1]: Leaving directory '/cygdrive/c/Git/led-demo-tlsr8258/build/CMakeFiles/CMakeTmp'



Parsed C implicit include dir info from above output: rv=done
  found start of include info
  found start of implicit include info
    add: [/cygdrive/c/TelinkIoTStudio/RDS/V5.3.x/toolchains/nds32le-elf-mculib-v5f/bin/../lib/gcc/riscv32-elf/12.2.0/include]
    add: [/cygdrive/c/TelinkIoTStudio/RDS/V5.3.x/toolchains/nds32le-elf-mculib-v5f/bin/../lib/gcc/riscv32-elf/12.2.0/include-fixed]
    add: [/cygdrive/c/TelinkIoTStudio/RDS/V5.3.x/toolchains/nds32le-elf-mculib-v5f/bin/../lib/gcc/riscv32-elf/12.2.0/../../../../riscv32-elf/sys-include]
    add: [/cygdrive/c/TelinkIoTStudio/RDS/V5.3.x/toolchains/nds32le-elf-mculib-v5f/bin/../lib/gcc/riscv32-elf/12.2.0/../../../../riscv32-elf/include]
  end of search list found
  collapse include dir [/cygdrive/c/TelinkIoTStudio/RDS/V5.3.x/toolchains/nds32le-elf-mculib-v5f/bin/../lib/gcc/riscv32-elf/12.2.0/include] ==> [/cygdrive/c/TelinkIoTStudio/RDS/V5.3.x/toolchains/nds32le-elf-mculib-v5f/lib/gcc/riscv32-elf/12.2.0/include]
  collapse include dir [/cygdrive/c/TelinkIoTStudio/RDS/V5.3.x/toolchains/nds32le-elf-mculib-v5f/bin/../lib/gcc/riscv32-elf/12.2.0/include-fixed] ==> [/cygdrive/c/TelinkIoTStudio/RDS/V5.3.x/toolchains/nds32le-elf-mculib-v5f/lib/gcc/riscv32-elf/12.2.0/include-fixed]
  collapse include dir [/cygdrive/c/TelinkIoTStudio/RDS/V5.3.x/toolchains/nds32le-elf-mculib-v5f/bin/../lib/gcc/riscv32-elf/12.2.0/../../../../riscv32-elf/sys-include] ==> [/cygdrive/c/TelinkIoTStudio/RDS/V5.3.x/toolchains/nds32le-elf-mculib-v5f/riscv32-elf/sys-include]
  collapse include dir [/cygdrive/c/TelinkIoTStudio/RDS/V5.3.x/toolchains/nds32le-elf-mculib-v5f/bin/../lib/gcc/riscv32-elf/12.2.0/../../../../riscv32-elf/include] ==> [/cygdrive/c/TelinkIoTStudio/RDS/V5.3.x/toolchains/nds32le-elf-mculib-v5f/riscv32-elf/include]
  implicit include dirs: [/cygdrive/c/TelinkIoTStudio/RDS/V5.3.x/toolchains/nds32le-elf-mculib-v5f/lib/gcc/riscv32-elf/12.2.0/include;/cygdrive/c/TelinkIoTStudio/RDS/V5.3.x/toolchains/nds32le-elf-mculib-v5f/lib/gcc/riscv32-elf/12.2.0/include-fixed;/cygdrive/c/TelinkIoTStudio/RDS/V5.3.x/toolchains/nds32le-elf-mculib-v5f/riscv32-elf/sys-include;/cygdrive/c/TelinkIoTStudio/RDS/V5.3.x/toolchains/nds32le-elf-mculib-v5f/riscv32-elf/include]


Parsed C implicit link information from above output:
  link line regex: [^( *|.*[/\])(riscv32-elf-ld\.exe|CMAKE_LINK_STARTFILE-NOTFOUND|([^/\]+-)?ld|collect2)[^/\]*( |$)]
  ignore line: [Change Dir: /cygdrive/c/Git/led-demo-tlsr8258/build/CMakeFiles/CMakeTmp]
  ignore line: []
  ignore line: [Run Build Command(s):/usr/bin/make.exe -f Makefile cmTC_24cf5/fast && /usr/bin/make  -f CMakeFiles/cmTC_24cf5.dir/build.make CMakeFiles/cmTC_24cf5.dir/build]
  ignore line: [make[1]: Entering directory '/cygdrive/c/Git/led-demo-tlsr8258/build/CMakeFiles/CMakeTmp']
  ignore line: [Building C object CMakeFiles/cmTC_24cf5.dir/CMakeCCompilerABI.c.obj]
  ignore line: [C:/TelinkIoTStudio/RDS/V5.3.x/toolchains/nds32le-elf-mculib-v5f/bin/riscv32-elf-gcc   -v -o CMakeFiles/cmTC_24cf5.dir/CMakeCCompilerABI.c.obj -c /usr/share/cmake-3.20.0/Modules/CMakeCCompilerABI.c]
  ignore line: ["/cygdrive/c/TelinkIoTStudio/RDS/V5.3.x/toolchains/nds32le-elf-mculib-v5f/bin/riscv32-elf-gcc.gnu" "-fno-math-errno" "-v" "-o" "CMakeFiles/cmTC_24cf5.dir/CMakeCCompilerABI.c.obj" "-c" "/usr/share/cmake-3.20.0/Modules/CMakeCCompilerABI.c" ]
  ignore line: [Using built-in specs.]
  ignore line: [COLLECT_GCC=/cygdrive/c/TelinkIoTStudio/RDS/V5.3.x/toolchains/nds32le-elf-mculib-v5f/bin/riscv32-elf-gcc.gnu]
  ignore line: [Target: riscv32-elf]
  ignore line: [Configured with: /home/sqa/Jenkins/workspace/build-system-3-ast531/source-packages/gcc-12.2.0-riscv-ast-v5_3_0-branch-official/configure --target=riscv32-elf --prefix=/home/sqa/Jenkins/workspace/build-system-3-ast531/toolchain/nds32le-elf-mculib-v5f --with-pkgversion=2024-06-05_nds32le-elf-mculib-v5f-5955e9b13 --disable-nls --enable-languages=c,c++ --enable-lto --with-gmp=/home/sqa/Jenkins/workspace/build-system-3-ast531/host-tools --with-mpfr=/home/sqa/Jenkins/workspace/build-system-3-ast531/host-tools --with-mpc=/home/sqa/Jenkins/workspace/build-system-3-ast531/host-tools --with-isl=/home/sqa/Jenkins/workspace/build-system-3-ast531/host-tools --with-cloog=/home/sqa/Jenkins/workspace/build-system-3-ast531/host-tools --without-zstd --with-arch=rv32imfcxandes --with-tune=andes-25-series --enable-Os-default-ex9=yes --enable-gp-insn-relax-default=yes --with-libc=mculib --with-abi=ilp32f --disable-libsanitizer --disable-werror --enable-multilib=yes --with-multilib-list=dsp,zc,andes45 --enable-tls --with-newlib --disable-libssp --disable-shared --enable-threads=single --with-headers=/home/sqa/Jenkins/workspace/build-system-3-ast531/toolchain/nds32le-elf-mculib-v5f/riscv32-elf/include CFLAGS='-O2 -g -Wno-implicit-fallthrough -Wno-int-in-bool-context -Wno-cast-function-type' CXXFLAGS='-O2 -g -Wno-implicit-fallthrough -Wno-int-in-bool-context -Wno-cast-function-type' CC=/home/sqa/Jenkins/workspace/build-system-3-ast531/host-tools/bin/gcc.exe CXX=/home/sqa/Jenkins/workspace/build-system-3-ast531/host-tools/bin/g++.exe LD=/home/sqa/Jenkins/workspace/build-system-3-ast531/host-tools/bin/ld.exe AR=/home/sqa/Jenkins/workspace/build-system-3-ast531/host-tools/bin/gcc-ar.exe RANLIB=/home/sqa/Jenkins/workspace/build-system-3-ast531/host-tools/bin/gcc-ranlib.exe NM=/home/sqa/Jenkins/workspace/build-system-3-ast531/host-tools/bin/nm.exe --enable-checking=release LDFLAGS=--static 'CFLAGS_FOR_TARGET=-O2 -g  -mstrict-align' 'CXXFLAGS_FOR_TARGET=-O2 -g  -mstrict-align' LDFLAGS_FOR_TARGET=]
  ignore line: [Thread model: single]
  ignore line: [Supported LTO compression algorithms: zlib]
  ignore line: [gcc version 12.2.0 (2024-06-05_nds32le-elf-mculib-v5f-5955e9b13) ]
  ignore line: [COLLECT_GCC_OPTIONS='-fno-math-errno' '-v' '-o' 'CMakeFiles/cmTC_24cf5.dir/CMakeCCompilerABI.c.obj' '-c' '-mtune=andes-25-series' '-march=rv32imfc_xandes' '-mabi=ilp32f' '-misa-spec=2.2' '-march=rv32i2p0_m2p0_f2p0_c2p0_xandes5p0' '-dumpdir' 'CMakeFiles/cmTC_24cf5.dir/']
  ignore line: [ /cygdrive/c/TelinkIoTStudio/RDS/V5.3.x/toolchains/nds32le-elf-mculib-v5f/bin/../libexec/gcc/riscv32-elf/12.2.0/cc1.exe -quiet -v -imultilib . -iprefix /cygdrive/c/TelinkIoTStudio/RDS/V5.3.x/toolchains/nds32le-elf-mculib-v5f/bin/../lib/gcc/riscv32-elf/12.2.0/ /usr/share/cmake-3.20.0/Modules/CMakeCCompilerABI.c -quiet -dumpdir CMakeFiles/cmTC_24cf5.dir/ -dumpbase CMakeCCompilerABI.c.c -dumpbase-ext .c -mtune=andes-25-series -march=rv32imfc_xandes -mabi=ilp32f -misa-spec=2.2 -march=rv32i2p0_m2p0_f2p0_c2p0_xandes5p0 -version -fno-math-errno -o /cygdrive/c/Users/874332/AppData/Local/Temp/ccVoiVYR.s]
  ignore line: [GNU C17 (2024-06-05_nds32le-elf-mculib-v5f-5955e9b13) version 12.2.0 (riscv32-elf)]
  ignore line: [	compiled by GNU C version 12.2.0  GMP version 6.0.0  MPFR version 3.1.3  MPC version 1.0.2  isl version isl-0.15-GMP]
  ignore line: []
  ignore line: [GGC heuristics: --param ggc-min-expand=100 --param ggc-min-heapsize=131072]
  ignore line: [ignoring duplicate directory "/cygdrive/c/TelinkIoTStudio/RDS/V5.3.x/toolchains/nds32le-elf-mculib-v5f/bin/../lib/gcc/../../lib/gcc/riscv32-elf/12.2.0/include"]
  ignore line: [ignoring duplicate directory "/cygdrive/c/TelinkIoTStudio/RDS/V5.3.x/toolchains/nds32le-elf-mculib-v5f/bin/../lib/gcc/../../lib/gcc/riscv32-elf/12.2.0/include-fixed"]
  ignore line: [ignoring duplicate directory "/cygdrive/c/TelinkIoTStudio/RDS/V5.3.x/toolchains/nds32le-elf-mculib-v5f/bin/../lib/gcc/../../lib/gcc/riscv32-elf/12.2.0/../../../../riscv32-elf/sys-include"]
  ignore line: [ignoring duplicate directory "/cygdrive/c/TelinkIoTStudio/RDS/V5.3.x/toolchains/nds32le-elf-mculib-v5f/bin/../lib/gcc/../../lib/gcc/riscv32-elf/12.2.0/../../../../riscv32-elf/include"]
  ignore line: [#include "..." search starts here:]
  ignore line: [#include <...> search starts here:]
  ignore line: [ /cygdrive/c/TelinkIoTStudio/RDS/V5.3.x/toolchains/nds32le-elf-mculib-v5f/bin/../lib/gcc/riscv32-elf/12.2.0/include]
  ignore line: [ /cygdrive/c/TelinkIoTStudio/RDS/V5.3.x/toolchains/nds32le-elf-mculib-v5f/bin/../lib/gcc/riscv32-elf/12.2.0/include-fixed]
  ignore line: [ /cygdrive/c/TelinkIoTStudio/RDS/V5.3.x/toolchains/nds32le-elf-mculib-v5f/bin/../lib/gcc/riscv32-elf/12.2.0/../../../../riscv32-elf/sys-include]
  ignore line: [ /cygdrive/c/TelinkIoTStudio/RDS/V5.3.x/toolchains/nds32le-elf-mculib-v5f/bin/../lib/gcc/riscv32-elf/12.2.0/../../../../riscv32-elf/include]
  ignore line: [End of search list.]
  ignore line: [GNU C17 (2024-06-05_nds32le-elf-mculib-v5f-5955e9b13) version 12.2.0 (riscv32-elf)]
  ignore line: [	compiled by GNU C version 12.2.0  GMP version 6.0.0  MPFR version 3.1.3  MPC version 1.0.2  isl version isl-0.15-GMP]
  ignore line: []
  ignore line: [GGC heuristics: --param ggc-min-expand=100 --param ggc-min-heapsize=131072]
  ignore line: [Compiler executable checksum: 0fa6315521bf229d7929607e9da9edae]
  ignore line: [COLLECT_GCC_OPTIONS='-fno-math-errno' '-v' '-o' 'CMakeFiles/cmTC_24cf5.dir/CMakeCCompilerABI.c.obj' '-c' '-mtune=andes-25-series' '-march=rv32imfc_xandes' '-mabi=ilp32f' '-misa-spec=2.2' '-march=rv32i2p0_m2p0_f2p0_c2p0_xandes5p0' '-dumpdir' 'CMakeFiles/cmTC_24cf5.dir/']
  ignore line: [ /cygdrive/c/TelinkIoTStudio/RDS/V5.3.x/toolchains/nds32le-elf-mculib-v5f/bin/../lib/gcc/riscv32-elf/12.2.0/../../../../riscv32-elf/bin/as.exe -v --traditional-format -march=rv32i2p0_m2p0_f2p0_c2p0_xandes5p0 -mabi=ilp32f -misa-spec=2.2 -Os -mno-b25057 -o CMakeFiles/cmTC_24cf5.dir/CMakeCCompilerABI.c.obj /cygdrive/c/Users/874332/AppData/Local/Temp/ccVoiVYR.s]
  ignore line: [GNU assembler version 2.38 (riscv32-elf) using BFD version (2024-06-05_nds32le-elf-mculib-v5f-bbf563af) 2.38.20220216]
  ignore line: [COMPILER_PATH=/cygdrive/c/TelinkIoTStudio/RDS/V5.3.x/toolchains/nds32le-elf-mculib-v5f/bin/../libexec/gcc/riscv32-elf/12.2.0/:/cygdrive/c/TelinkIoTStudio/RDS/V5.3.x/toolchains/nds32le-elf-mculib-v5f/bin/../libexec/gcc/:/cygdrive/c/TelinkIoTStudio/RDS/V5.3.x/toolchains/nds32le-elf-mculib-v5f/bin/../lib/gcc/riscv32-elf/12.2.0/../../../../riscv32-elf/bin/]
  ignore line: [LIBRARY_PATH=/cygdrive/c/TelinkIoTStudio/RDS/V5.3.x/toolchains/nds32le-elf-mculib-v5f/bin/../lib/gcc/riscv32-elf/12.2.0/:/cygdrive/c/TelinkIoTStudio/RDS/V5.3.x/toolchains/nds32le-elf-mculib-v5f/bin/../lib/gcc/:/cygdrive/c/TelinkIoTStudio/RDS/V5.3.x/toolchains/nds32le-elf-mculib-v5f/bin/../lib/gcc/riscv32-elf/12.2.0/../../../../riscv32-elf/lib/]
  ignore line: [COLLECT_GCC_OPTIONS='-fno-math-errno' '-v' '-o' 'CMakeFiles/cmTC_24cf5.dir/CMakeCCompilerABI.c.obj' '-c' '-mtune=andes-25-series' '-march=rv32imfc_xandes' '-mabi=ilp32f' '-misa-spec=2.2' '-march=rv32i2p0_m2p0_f2p0_c2p0_xandes5p0' '-dumpdir' 'CMakeFiles/cmTC_24cf5.dir/CMakeCCompilerABI.c.']
  ignore line: [Linking C executable cmTC_24cf5]
  ignore line: [/usr/bin/cmake.exe -E cmake_link_script CMakeFiles/cmTC_24cf5.dir/link.txt --verbose=1]
  ignore line: [C:/TelinkIoTStudio/RDS/V5.3.x/toolchains/nds32le-elf-mculib-v5f/bin/riscv32-elf-gcc  -v CMakeFiles/cmTC_24cf5.dir/CMakeCCompilerABI.c.obj -o cmTC_24cf5 ]
  ignore line: ["/cygdrive/c/TelinkIoTStudio/RDS/V5.3.x/toolchains/nds32le-elf-mculib-v5f/bin/riscv32-elf-gcc.gnu" "-fno-math-errno" "-v" "CMakeFiles/cmTC_24cf5.dir/CMakeCCompilerABI.c.obj" "-o" "cmTC_24cf5" ]
  ignore line: [Using built-in specs.]
  ignore line: [COLLECT_GCC=/cygdrive/c/TelinkIoTStudio/RDS/V5.3.x/toolchains/nds32le-elf-mculib-v5f/bin/riscv32-elf-gcc.gnu]
  ignore line: [COLLECT_LTO_WRAPPER=/cygdrive/c/TelinkIoTStudio/RDS/V5.3.x/toolchains/nds32le-elf-mculib-v5f/bin/../libexec/gcc/riscv32-elf/12.2.0/lto-wrapper.exe]
  ignore line: [Target: riscv32-elf]
  ignore line: [Configured with: /home/sqa/Jenkins/workspace/build-system-3-ast531/source-packages/gcc-12.2.0-riscv-ast-v5_3_0-branch-official/configure --target=riscv32-elf --prefix=/home/sqa/Jenkins/workspace/build-system-3-ast531/toolchain/nds32le-elf-mculib-v5f --with-pkgversion=2024-06-05_nds32le-elf-mculib-v5f-5955e9b13 --disable-nls --enable-languages=c,c++ --enable-lto --with-gmp=/home/sqa/Jenkins/workspace/build-system-3-ast531/host-tools --with-mpfr=/home/sqa/Jenkins/workspace/build-system-3-ast531/host-tools --with-mpc=/home/sqa/Jenkins/workspace/build-system-3-ast531/host-tools --with-isl=/home/sqa/Jenkins/workspace/build-system-3-ast531/host-tools --with-cloog=/home/sqa/Jenkins/workspace/build-system-3-ast531/host-tools --without-zstd --with-arch=rv32imfcxandes --with-tune=andes-25-series --enable-Os-default-ex9=yes --enable-gp-insn-relax-default=yes --with-libc=mculib --with-abi=ilp32f --disable-libsanitizer --disable-werror --enable-multilib=yes --with-multilib-list=dsp,zc,andes45 --enable-tls --with-newlib --disable-libssp --disable-shared --enable-threads=single --with-headers=/home/sqa/Jenkins/workspace/build-system-3-ast531/toolchain/nds32le-elf-mculib-v5f/riscv32-elf/include CFLAGS='-O2 -g -Wno-implicit-fallthrough -Wno-int-in-bool-context -Wno-cast-function-type' CXXFLAGS='-O2 -g -Wno-implicit-fallthrough -Wno-int-in-bool-context -Wno-cast-function-type' CC=/home/sqa/Jenkins/workspace/build-system-3-ast531/host-tools/bin/gcc.exe CXX=/home/sqa/Jenkins/workspace/build-system-3-ast531/host-tools/bin/g++.exe LD=/home/sqa/Jenkins/workspace/build-system-3-ast531/host-tools/bin/ld.exe AR=/home/sqa/Jenkins/workspace/build-system-3-ast531/host-tools/bin/gcc-ar.exe RANLIB=/home/sqa/Jenkins/workspace/build-system-3-ast531/host-tools/bin/gcc-ranlib.exe NM=/home/sqa/Jenkins/workspace/build-system-3-ast531/host-tools/bin/nm.exe --enable-checking=release LDFLAGS=--static 'CFLAGS_FOR_TARGET=-O2 -g  -mstrict-align' 'CXXFLAGS_FOR_TARGET=-O2 -g  -mstrict-align' LDFLAGS_FOR_TARGET=]
  ignore line: [Thread model: single]
  ignore line: [Supported LTO compression algorithms: zlib]
  ignore line: [gcc version 12.2.0 (2024-06-05_nds32le-elf-mculib-v5f-5955e9b13) ]
  ignore line: [COMPILER_PATH=/cygdrive/c/TelinkIoTStudio/RDS/V5.3.x/toolchains/nds32le-elf-mculib-v5f/bin/../libexec/gcc/riscv32-elf/12.2.0/:/cygdrive/c/TelinkIoTStudio/RDS/V5.3.x/toolchains/nds32le-elf-mculib-v5f/bin/../libexec/gcc/:/cygdrive/c/TelinkIoTStudio/RDS/V5.3.x/toolchains/nds32le-elf-mculib-v5f/bin/../lib/gcc/riscv32-elf/12.2.0/../../../../riscv32-elf/bin/]
  ignore line: [LIBRARY_PATH=/cygdrive/c/TelinkIoTStudio/RDS/V5.3.x/toolchains/nds32le-elf-mculib-v5f/bin/../lib/gcc/riscv32-elf/12.2.0/:/cygdrive/c/TelinkIoTStudio/RDS/V5.3.x/toolchains/nds32le-elf-mculib-v5f/bin/../lib/gcc/:/cygdrive/c/TelinkIoTStudio/RDS/V5.3.x/toolchains/nds32le-elf-mculib-v5f/bin/../lib/gcc/riscv32-elf/12.2.0/../../../../riscv32-elf/lib/]
  ignore line: [COLLECT_GCC_OPTIONS='-fno-math-errno' '-v' '-o' 'cmTC_24cf5' '-mtune=andes-25-series' '-march=rv32imfc_xandes' '-mabi=ilp32f' '-misa-spec=2.2' '-march=rv32i2p0_m2p0_f2p0_c2p0_xandes5p0' '-dumpdir' 'cmTC_24cf5.']
  link line: [ /cygdrive/c/TelinkIoTStudio/RDS/V5.3.x/toolchains/nds32le-elf-mculib-v5f/bin/../libexec/gcc/riscv32-elf/12.2.0/collect2.exe -plugin /cygdrive/c/TelinkIoTStudio/RDS/V5.3.x/toolchains/nds32le-elf-mculib-v5f/bin/../libexec/gcc/riscv32-elf/12.2.0/cyglto_plugin.dll -plugin-opt=/cygdrive/c/TelinkIoTStudio/RDS/V5.3.x/toolchains/nds32le-elf-mculib-v5f/bin/../libexec/gcc/riscv32-elf/12.2.0/lto-wrapper.exe -plugin-opt=-fresolution=/cygdrive/c/Users/874332/AppData/Local/Temp/cc4lNdjC.res -plugin-opt=-pass-through=-lgcc -plugin-opt=-pass-through=-lc -plugin-opt=-pass-through=-lgloss -plugin-opt=-pass-through=-lgcc -melf32lriscv --mgp-insn-relax -o cmTC_24cf5 /cygdrive/c/TelinkIoTStudio/RDS/V5.3.x/toolchains/nds32le-elf-mculib-v5f/bin/../lib/gcc/riscv32-elf/12.2.0/../../../../riscv32-elf/lib/crt0.o -L/cygdrive/c/TelinkIoTStudio/RDS/V5.3.x/toolchains/nds32le-elf-mculib-v5f/bin/../lib/gcc/riscv32-elf/12.2.0 -L/cygdrive/c/TelinkIoTStudio/RDS/V5.3.x/toolchains/nds32le-elf-mculib-v5f/bin/../lib/gcc -L/cygdrive/c/TelinkIoTStudio/RDS/V5.3.x/toolchains/nds32le-elf-mculib-v5f/bin/../lib/gcc/riscv32-elf/12.2.0/../../../../riscv32-elf/lib CMakeFiles/cmTC_24cf5.dir/CMakeCCompilerABI.c.obj -lgcc --start-group -lc -lgloss --end-group -lgcc]
    arg [/cygdrive/c/TelinkIoTStudio/RDS/V5.3.x/toolchains/nds32le-elf-mculib-v5f/bin/../libexec/gcc/riscv32-elf/12.2.0/collect2.exe] ==> ignore
    arg [-plugin] ==> ignore
    arg [/cygdrive/c/TelinkIoTStudio/RDS/V5.3.x/toolchains/nds32le-elf-mculib-v5f/bin/../libexec/gcc/riscv32-elf/12.2.0/cyglto_plugin.dll] ==> ignore
    arg [-plugin-opt=/cygdrive/c/TelinkIoTStudio/RDS/V5.3.x/toolchains/nds32le-elf-mculib-v5f/bin/../libexec/gcc/riscv32-elf/12.2.0/lto-wrapper.exe] ==> ignore
    arg [-plugin-opt=-fresolution=/cygdrive/c/Users/874332/AppData/Local/Temp/cc4lNdjC.res] ==> ignore
    arg [-plugin-opt=-pass-through=-lgcc] ==> ignore
    arg [-plugin-opt=-pass-through=-lc] ==> ignore
    arg [-plugin-opt=-pass-through=-lgloss] ==> ignore
    arg [-plugin-opt=-pass-through=-lgcc] ==> ignore
    arg [-melf32lriscv] ==> ignore
    arg [--mgp-insn-relax] ==> ignore
    arg [-o] ==> ignore
    arg [cmTC_24cf5] ==> ignore
    arg [/cygdrive/c/TelinkIoTStudio/RDS/V5.3.x/toolchains/nds32le-elf-mculib-v5f/bin/../lib/gcc/riscv32-elf/12.2.0/../../../../riscv32-elf/lib/crt0.o] ==> ignore
    arg [-L/cygdrive/c/TelinkIoTStudio/RDS/V5.3.x/toolchains/nds32le-elf-mculib-v5f/bin/../lib/gcc/riscv32-elf/12.2.0] ==> dir [/cygdrive/c/TelinkIoTStudio/RDS/V5.3.x/toolchains/nds32le-elf-mculib-v5f/bin/../lib/gcc/riscv32-elf/12.2.0]
    arg [-L/cygdrive/c/TelinkIoTStudio/RDS/V5.3.x/toolchains/nds32le-elf-mculib-v5f/bin/../lib/gcc] ==> dir [/cygdrive/c/TelinkIoTStudio/RDS/V5.3.x/toolchains/nds32le-elf-mculib-v5f/bin/../lib/gcc]
    arg [-L/cygdrive/c/TelinkIoTStudio/RDS/V5.3.x/toolchains/nds32le-elf-mculib-v5f/bin/../lib/gcc/riscv32-elf/12.2.0/../../../../riscv32-elf/lib] ==> dir [/cygdrive/c/TelinkIoTStudio/RDS/V5.3.x/toolchains/nds32le-elf-mculib-v5f/bin/../lib/gcc/riscv32-elf/12.2.0/../../../../riscv32-elf/lib]
    arg [CMakeFiles/cmTC_24cf5.dir/CMakeCCompilerABI.c.obj] ==> ignore
    arg [-lgcc] ==> lib [gcc]
    arg [--start-group] ==> ignore
    arg [-lc] ==> lib [c]
    arg [-lgloss] ==> lib [gloss]
    arg [--end-group] ==> ignore
    arg [-lgcc] ==> lib [gcc]
  collapse library dir [/cygdrive/c/TelinkIoTStudio/RDS/V5.3.x/toolchains/nds32le-elf-mculib-v5f/bin/../lib/gcc/riscv32-elf/12.2.0] ==> [/cygdrive/c/TelinkIoTStudio/RDS/V5.3.x/toolchains/nds32le-elf-mculib-v5f/lib/gcc/riscv32-elf/12.2.0]
  collapse library dir [/cygdrive/c/TelinkIoTStudio/RDS/V5.3.x/toolchains/nds32le-elf-mculib-v5f/bin/../lib/gcc] ==> [/cygdrive/c/TelinkIoTStudio/RDS/V5.3.x/toolchains/nds32le-elf-mculib-v5f/lib/gcc]
  collapse library dir [/cygdrive/c/TelinkIoTStudio/RDS/V5.3.x/toolchains/nds32le-elf-mculib-v5f/bin/../lib/gcc/riscv32-elf/12.2.0/../../../../riscv32-elf/lib] ==> [/cygdrive/c/TelinkIoTStudio/RDS/V5.3.x/toolchains/nds32le-elf-mculib-v5f/riscv32-elf/lib]
  implicit libs: [gcc;c;gloss;gcc]
  implicit dirs: [/cygdrive/c/TelinkIoTStudio/RDS/V5.3.x/toolchains/nds32le-elf-mculib-v5f/lib/gcc/riscv32-elf/12.2.0;/cygdrive/c/TelinkIoTStudio/RDS/V5.3.x/toolchains/nds32le-elf-mculib-v5f/lib/gcc;/cygdrive/c/TelinkIoTStudio/RDS/V5.3.x/toolchains/nds32le-elf-mculib-v5f/riscv32-elf/lib]
  implicit fwks: []


